Archive member included to satisfy reference by file (symbol)

c:/program files (x86)/atollic/truestudio for arm 7.0.1/armtools/bin/../lib/gcc/arm-atollic-eabi/5.3.1/../../../../arm-atollic-eabi/lib/armv7-m\libc.a(lib_a-init.o)
                              Example\TrueSTUDIO\startup_stm32l152xe.o (__libc_init_array)
c:/program files (x86)/atollic/truestudio for arm 7.0.1/armtools/bin/../lib/gcc/arm-atollic-eabi/5.3.1/../../../../arm-atollic-eabi/lib/armv7-m\libc.a(lib_a-memset.o)
                              Drivers\STM32L1xx_HAL_Driver\stm32l1xx_hal_rcc.o (memset)
c:/program files (x86)/atollic/truestudio for arm 7.0.1/armtools/bin/../lib/gcc/arm-atollic-eabi/5.3.1/../../../../arm-atollic-eabi/lib/armv7-m\libc.a(lib_a-strncpy.o)
                              Example\User\main.o (strncpy)

Allocating common symbols
Common symbol       size              file

UartHandle          0x40              Example\User\main.o
uwTick              0x4               Drivers\STM32L1xx_HAL_Driver\stm32l1xx_hal.o
sConfig             0x14              Example\User\main.o
aRxBuffer           0xf0              Example\User\main.o
TimHandle           0x38              Example\User\main.o
WS2812_IO_framedata
                    0x1090            Example\User\main.o

Discarded input sections

 .text          0x00000000        0x0 c:/program files (x86)/atollic/truestudio for arm 7.0.1/armtools/bin/../lib/gcc/arm-atollic-eabi/5.3.1/armv7-m/crti.o
 .data          0x00000000        0x0 c:/program files (x86)/atollic/truestudio for arm 7.0.1/armtools/bin/../lib/gcc/arm-atollic-eabi/5.3.1/armv7-m/crti.o
 .bss           0x00000000        0x0 c:/program files (x86)/atollic/truestudio for arm 7.0.1/armtools/bin/../lib/gcc/arm-atollic-eabi/5.3.1/armv7-m/crti.o
 .data          0x00000000        0x4 c:/program files (x86)/atollic/truestudio for arm 7.0.1/armtools/bin/../lib/gcc/arm-atollic-eabi/5.3.1/armv7-m/crtbegin.o
 .text          0x00000000        0x0 Drivers\BSP\STM32L1xx_Nucleo\stm32l1xx_nucleo.o
 .data          0x00000000        0x0 Drivers\BSP\STM32L1xx_Nucleo\stm32l1xx_nucleo.o
 .bss           0x00000000        0x0 Drivers\BSP\STM32L1xx_Nucleo\stm32l1xx_nucleo.o
 .text.BSP_GetVersion
                0x00000000        0x8 Drivers\BSP\STM32L1xx_Nucleo\stm32l1xx_nucleo.o
 .text.BSP_LED_DeInit
                0x00000000       0x24 Drivers\BSP\STM32L1xx_Nucleo\stm32l1xx_nucleo.o
 .text.BSP_LED_Off
                0x00000000       0x14 Drivers\BSP\STM32L1xx_Nucleo\stm32l1xx_nucleo.o
 .text.BSP_LED_Toggle
                0x00000000       0x10 Drivers\BSP\STM32L1xx_Nucleo\stm32l1xx_nucleo.o
 .text.BSP_PB_DeInit
                0x00000000       0x20 Drivers\BSP\STM32L1xx_Nucleo\stm32l1xx_nucleo.o
 .text.BSP_PB_GetState
                0x00000000       0x18 Drivers\BSP\STM32L1xx_Nucleo\stm32l1xx_nucleo.o
 .rodata.BUTTON_IRQn
                0x00000000        0x1 Drivers\BSP\STM32L1xx_Nucleo\stm32l1xx_nucleo.o
 .rodata.BUTTON_PIN
                0x00000000        0x2 Drivers\BSP\STM32L1xx_Nucleo\stm32l1xx_nucleo.o
 .rodata.LED_PIN
                0x00000000        0x2 Drivers\BSP\STM32L1xx_Nucleo\stm32l1xx_nucleo.o
 .text          0x00000000        0x0 Drivers\CMSIS\system_stm32l1xx.o
 .data          0x00000000        0x0 Drivers\CMSIS\system_stm32l1xx.o
 .bss           0x00000000        0x0 Drivers\CMSIS\system_stm32l1xx.o
 .text.SystemCoreClockUpdate
                0x00000000       0x94 Drivers\CMSIS\system_stm32l1xx.o
 .text          0x00000000        0x0 Drivers\STM32L1xx_HAL_Driver\stm32l1xx_hal.o
 .data          0x00000000        0x0 Drivers\STM32L1xx_HAL_Driver\stm32l1xx_hal.o
 .bss           0x00000000        0x0 Drivers\STM32L1xx_HAL_Driver\stm32l1xx_hal.o
 .text.HAL_MspDeInit
                0x00000000        0x2 Drivers\STM32L1xx_HAL_Driver\stm32l1xx_hal.o
 .text.HAL_DeInit
                0x00000000       0x24 Drivers\STM32L1xx_HAL_Driver\stm32l1xx_hal.o
 .text.HAL_Delay
                0x00000000       0x1a Drivers\STM32L1xx_HAL_Driver\stm32l1xx_hal.o
 .text.HAL_SuspendTick
                0x00000000       0x10 Drivers\STM32L1xx_HAL_Driver\stm32l1xx_hal.o
 .text.HAL_ResumeTick
                0x00000000       0x10 Drivers\STM32L1xx_HAL_Driver\stm32l1xx_hal.o
 .text.HAL_GetHalVersion
                0x00000000        0x6 Drivers\STM32L1xx_HAL_Driver\stm32l1xx_hal.o
 .text.HAL_GetREVID
                0x00000000        0xc Drivers\STM32L1xx_HAL_Driver\stm32l1xx_hal.o
 .text.HAL_GetDEVID
                0x00000000       0x10 Drivers\STM32L1xx_HAL_Driver\stm32l1xx_hal.o
 .text.HAL_DBGMCU_EnableDBGSleepMode
                0x00000000       0x10 Drivers\STM32L1xx_HAL_Driver\stm32l1xx_hal.o
 .text.HAL_DBGMCU_DisableDBGSleepMode
                0x00000000       0x10 Drivers\STM32L1xx_HAL_Driver\stm32l1xx_hal.o
 .text.HAL_DBGMCU_EnableDBGStopMode
                0x00000000       0x10 Drivers\STM32L1xx_HAL_Driver\stm32l1xx_hal.o
 .text.HAL_DBGMCU_DisableDBGStopMode
[...]
Memory Configuration

Name             Origin             Length             Attributes
FLASH            0x08000000         0x00080000         xr
RAM              0x20000000         0x00014000         xrw
*default*        0x00000000         0xffffffff

Linker script and memory map

LOAD c:/program files (x86)/atollic/truestudio for arm 7.0.1/armtools/bin/../lib/gcc/arm-atollic-eabi/5.3.1/armv7-m/crti.o
LOAD c:/program files (x86)/atollic/truestudio for arm 7.0.1/armtools/bin/../lib/gcc/arm-atollic-eabi/5.3.1/armv7-m/crtbegin.o
LOAD Drivers\BSP\STM32L1xx_Nucleo\stm32l1xx_nucleo.o
LOAD Drivers\CMSIS\system_stm32l1xx.o
LOAD Drivers\STM32L1xx_HAL_Driver\stm32l1xx_hal.o
LOAD Drivers\STM32L1xx_HAL_Driver\stm32l1xx_hal_cortex.o
LOAD Drivers\STM32L1xx_HAL_Driver\stm32l1xx_hal_dma.o
LOAD Drivers\STM32L1xx_HAL_Driver\stm32l1xx_hal_gpio.o
LOAD Drivers\STM32L1xx_HAL_Driver\stm32l1xx_hal_pwr.o
LOAD Drivers\STM32L1xx_HAL_Driver\stm32l1xx_hal_pwr_ex.o
LOAD Drivers\STM32L1xx_HAL_Driver\stm32l1xx_hal_rcc.o
LOAD Drivers\STM32L1xx_HAL_Driver\stm32l1xx_hal_rcc_ex.o
LOAD Drivers\STM32L1xx_HAL_Driver\stm32l1xx_hal_tim.o
LOAD Drivers\STM32L1xx_HAL_Driver\stm32l1xx_hal_tim_ex.o
LOAD Drivers\STM32L1xx_HAL_Driver\stm32l1xx_hal_uart.o
LOAD Drivers\STM32L1xx_HAL_Driver\stm32l1xx_hal_usart.o
LOAD Example\TrueSTUDIO\startup_stm32l152xe.o
LOAD Example\User\main.o
LOAD Example\User\stm32l1xx_hal_msp.o
LOAD Example\User\stm32l1xx_it.o
START GROUP
LOAD c:/program files (x86)/atollic/truestudio for arm 7.0.1/armtools/bin/../lib/gcc/arm-atollic-eabi/5.3.1/../../../../arm-atollic-eabi/lib/armv7-m\libc.a
LOAD c:/program files (x86)/atollic/truestudio for arm 7.0.1/armtools/bin/../lib/gcc/arm-atollic-eabi/5.3.1/../../../../arm-atollic-eabi/lib/armv7-m\libm.a
END GROUP
                0x00000080                malloc_getpagesize_P = 0x80
START GROUP
LOAD c:/program files (x86)/atollic/truestudio for arm 7.0.1/armtools/bin/../lib/gcc/arm-atollic-eabi/5.3.1/armv7-m\libgcc.a
LOAD c:/program files (x86)/atollic/truestudio for arm 7.0.1/armtools/bin/../lib/gcc/arm-atollic-eabi/5.3.1/../../../../arm-atollic-eabi/lib/armv7-m\libc.a
END GROUP
START GROUP
LOAD c:/program files (x86)/atollic/truestudio for arm 7.0.1/armtools/bin/../lib/gcc/arm-atollic-eabi/5.3.1/armv7-m\libgcc.a
LOAD c:/program files (x86)/atollic/truestudio for arm 7.0.1/armtools/bin/../lib/gcc/arm-atollic-eabi/5.3.1/../../../../arm-atollic-eabi/lib/armv7-m\libc.a
LOAD c:/program files (x86)/atollic/truestudio for arm 7.0.1/armtools/bin/../lib/gcc/arm-atollic-eabi/5.3.1/../../../../arm-atollic-eabi/lib/armv7-m\libnosys.a
END GROUP
LOAD c:/program files (x86)/atollic/truestudio for arm 7.0.1/armtools/bin/../lib/gcc/arm-atollic-eabi/5.3.1/armv7-m/crtend.o
LOAD c:/program files (x86)/atollic/truestudio for arm 7.0.1/armtools/bin/../lib/gcc/arm-atollic-eabi/5.3.1/armv7-m/crtn.o
                0x20013fff                _estack = 0x20013fff
                0x00000200                _Min_Heap_Size = 0x200
                0x00000400                _Min_Stack_Size = 0x400

.isr_vector     0x08000000      0x13c
                0x08000000                . = ALIGN (0x4)
 *(.isr_vector)
 .isr_vector    0x08000000      0x13c Example\TrueSTUDIO\startup_stm32l152xe.o
                0x08000000                g_pfnVectors
                0x0800013c                . = ALIGN (0x4)

.text           0x0800013c     0x20c8
                0x0800013c                . = ALIGN (0x4)
 *(.text)
 .text          0x0800013c       0x40 c:/program files (x86)/atollic/truestudio for arm 7.0.1/armtools/bin/../lib/gcc/arm-atollic-eabi/5.3.1/armv7-m/crtbegin.o
 *(.text*)
 .text.BSP_LED_Init
                0x0800017c       0x50 Drivers\BSP\STM32L1xx_Nucleo\stm32l1xx_nucleo.o
                0x0800017c                BSP_LED_Init
 .text.BSP_LED_On
                0x080001cc       0x14 Drivers\BSP\STM32L1xx_Nucleo\stm32l1xx_nucleo.o
                0x080001cc                BSP_LED_On
 .text.BSP_PB_Init
                0x080001e0       0x70 Drivers\BSP\STM32L1xx_Nucleo\stm32l1xx_nucleo.o
                0x080001e0                BSP_PB_Init
 .text.SystemInit
                0x08000250       0x48 Drivers\CMSIS\system_stm32l1xx.o
                0x08000250                SystemInit
 .text.HAL_MspInit
                0x08000298        0x2 Drivers\STM32L1xx_HAL_Driver\stm32l1xx_hal.o
                0x08000298                HAL_MspInit
 *fill*         0x0800029a        0x2 
 .text.HAL_InitTick
                0x0800029c       0x28 Drivers\STM32L1xx_HAL_Driver\stm32l1xx_hal.o
                0x0800029c                HAL_InitTick
 .text.HAL_Init
                0x080002c4       0x2c Drivers\STM32L1xx_HAL_Driver\stm32l1xx_hal.o
                0x080002c4                HAL_Init
 .text.HAL_IncTick
                0x080002f0       0x10 Drivers\STM32L1xx_HAL_Driver\stm32l1xx_hal.o
                0x080002f0                HAL_IncTick
 .text.HAL_GetTick
                0x08000300        0xc Drivers\STM32L1xx_HAL_Driver\stm32l1xx_hal.o
                0x08000300                HAL_GetTick
 .text.HAL_NVIC_SetPriorityGrouping
                0x0800030c       0x24 Drivers\STM32L1xx_HAL_Driver\stm32l1xx_hal_cortex.o
                0x0800030c                HAL_NVIC_SetPriorityGrouping
 .text.HAL_NVIC_SetPriority
                0x08000330       0x68 Drivers\STM32L1xx_HAL_Driver\stm32l1xx_hal_cortex.o
                0x08000330                HAL_NVIC_SetPriority
 .text.HAL_NVIC_EnableIRQ
                0x08000398       0x18 Drivers\STM32L1xx_HAL_Driver\stm32l1xx_hal_cortex.o
                0x08000398                HAL_NVIC_EnableIRQ
 .text.HAL_NVIC_DisableIRQ
                0x080003b0       0x1c Drivers\STM32L1xx_HAL_Driver\stm32l1xx_hal_cortex.o
                0x080003b0                HAL_NVIC_DisableIRQ
 .text.HAL_SYSTICK_Config
                0x080003cc       0x2c Drivers\STM32L1xx_HAL_Driver\stm32l1xx_hal_cortex.o
                0x080003cc                HAL_SYSTICK_Config
 .text.HAL_DMA_Init
                0x080003f8       0x90 Drivers\STM32L1xx_HAL_Driver\stm32l1xx_hal_dma.o
                0x080003f8                HAL_DMA_Init
 .text.HAL_DMA_DeInit
                0x08000488       0x70 Drivers\STM32L1xx_HAL_Driver\stm32l1xx_hal_dma.o
                0x08000488                HAL_DMA_DeInit
 .text.HAL_DMA_Start_IT
                0x080004f8       0x80 Drivers\STM32L1xx_HAL_Driver\stm32l1xx_hal_dma.o
                0x080004f8                HAL_DMA_Start_IT
 .text.HAL_DMA_IRQHandler
                0x08000578       0x90 Drivers\STM32L1xx_HAL_Driver\stm32l1xx_hal_dma.o
                0x08000578                HAL_DMA_IRQHandler
 .text.HAL_GPIO_Init
                0x08000608      0x1ac Drivers\STM32L1xx_HAL_Driver\stm32l1xx_hal_gpio.o
                0x08000608                HAL_GPIO_Init
 .text.HAL_GPIO_DeInit
                0x080007b4      0x128 Drivers\STM32L1xx_HAL_Driver\stm32l1xx_hal_gpio.o
                0x080007b4                HAL_GPIO_DeInit
 .text.HAL_GPIO_WritePin
                0x080008dc        0x8 Drivers\STM32L1xx_HAL_Driver\stm32l1xx_hal_gpio.o
                0x080008dc                HAL_GPIO_WritePin
 .text.HAL_GPIO_EXTI_IRQHandler
                0x080008e4       0x18 Drivers\STM32L1xx_HAL_Driver\stm32l1xx_hal_gpio.o
                0x080008e4                HAL_GPIO_EXTI_IRQHandler
 .text.HAL_PWREx_GetVoltageRange
                0x080008fc       0x10 Drivers\STM32L1xx_HAL_Driver\stm32l1xx_hal_pwr_ex.o
                0x080008fc                HAL_PWREx_GetVoltageRange
 .text.RCC_SetFlashLatencyFromMSIRange
                0x0800090c       0x74 Drivers\STM32L1xx_HAL_Driver\stm32l1xx_hal_rcc.o
 .text.HAL_RCC_OscConfig
                0x08000980      0x67c Drivers\STM32L1xx_HAL_Driver\stm32l1xx_hal_rcc.o
                0x08000980                HAL_RCC_OscConfig
 .text.HAL_RCC_GetSysClockFreq
                0x08000ffc       0x8c Drivers\STM32L1xx_HAL_Driver\stm32l1xx_hal_rcc.o
                0x08000ffc                HAL_RCC_GetSysClockFreq
 .text.HAL_RCC_ClockConfig
                0x08001088      0x190 Drivers\STM32L1xx_HAL_Driver\stm32l1xx_hal_rcc.o
                0x08001088                HAL_RCC_ClockConfig
 .text.HAL_RCC_GetPCLK1Freq
                0x08001218       0x30 Drivers\STM32L1xx_HAL_Driver\stm32l1xx_hal_rcc.o
                0x08001218                HAL_RCC_GetPCLK1Freq
 .text.HAL_RCC_GetPCLK2Freq
                0x08001248       0x30 Drivers\STM32L1xx_HAL_Driver\stm32l1xx_hal_rcc.o
                0x08001248                HAL_RCC_GetPCLK2Freq
 .text.TIM_Base_SetConfig
                0x08001278       0x84 Drivers\STM32L1xx_HAL_Driver\stm32l1xx_hal_tim.o
 .text.TIM_OC1_SetConfig
                0x080012fc       0x2c Drivers\STM32L1xx_HAL_Driver\stm32l1xx_hal_tim.o
 .text.TIM_OC2_SetConfig
                0x08001328       0x30 Drivers\STM32L1xx_HAL_Driver\stm32l1xx_hal_tim.o
 .text.TIM_CCxChannelCmd
                0x08001358       0x1a Drivers\STM32L1xx_HAL_Driver\stm32l1xx_hal_tim.o
 .text.HAL_TIM_PWM_Init
                0x08001372       0x34 Drivers\STM32L1xx_HAL_Driver\stm32l1xx_hal_tim.o
                0x08001372                HAL_TIM_PWM_Init
 *fill*         0x080013a6        0x2 
 .text.HAL_TIM_PWM_Start_DMA
                0x080013a8       0xd4 Drivers\STM32L1xx_HAL_Driver\stm32l1xx_hal_tim.o
                0x080013a8                HAL_TIM_PWM_Start_DMA
 .text.HAL_TIM_PWM_ConfigChannel
                0x0800147c      0x110 Drivers\STM32L1xx_HAL_Driver\stm32l1xx_hal_tim.o
                0x0800147c                HAL_TIM_PWM_ConfigChannel
 .text.HAL_TIM_PWM_PulseFinishedCallback
                0x0800158c        0x2 Drivers\STM32L1xx_HAL_Driver\stm32l1xx_hal_tim.o
                0x0800158c                HAL_TIM_PWM_PulseFinishedCallback
 .text.TIM_DMADelayPulseCplt
                0x0800158e       0x3a Drivers\STM32L1xx_HAL_Driver\stm32l1xx_hal_tim.o
                0x0800158e                TIM_DMADelayPulseCplt
 .text.HAL_TIM_ErrorCallback
                0x080015c8        0x2 Drivers\STM32L1xx_HAL_Driver\stm32l1xx_hal_tim.o
                0x080015c8                HAL_TIM_ErrorCallback
 .text.TIM_DMAError
                0x080015ca       0x10 Drivers\STM32L1xx_HAL_Driver\stm32l1xx_hal_tim.o
                0x080015ca                TIM_DMAError
 *fill*         0x080015da        0x2 
 .text.UART_SetConfig
                0x080015dc      0x24c Drivers\STM32L1xx_HAL_Driver\stm32l1xx_hal_uart.o
 .text.HAL_UART_Init
                0x08001828       0x58 Drivers\STM32L1xx_HAL_Driver\stm32l1xx_hal_uart.o
                0x08001828                HAL_UART_Init
 .text.HAL_UART_DeInit
                0x08001880       0x34 Drivers\STM32L1xx_HAL_Driver\stm32l1xx_hal_uart.o
                0x08001880                HAL_UART_DeInit
 .text.HAL_UART_Transmit_DMA
                0x080018b4       0x84 Drivers\STM32L1xx_HAL_Driver\stm32l1xx_hal_uart.o
                0x080018b4                HAL_UART_Transmit_DMA
 .text.HAL_UART_Receive_DMA
                0x08001938       0x7c Drivers\STM32L1xx_HAL_Driver\stm32l1xx_hal_uart.o
                0x08001938                HAL_UART_Receive_DMA
 .text.HAL_UART_TxCpltCallback
                0x080019b4        0x2 Drivers\STM32L1xx_HAL_Driver\stm32l1xx_hal_uart.o
                0x080019b4                HAL_UART_TxCpltCallback
 .text.UART_DMATransmitCplt
                0x080019b6       0x2c Drivers\STM32L1xx_HAL_Driver\stm32l1xx_hal_uart.o
 .text.HAL_UART_TxHalfCpltCallback
                0x080019e2        0x2 Drivers\STM32L1xx_HAL_Driver\stm32l1xx_hal_uart.o
                0x080019e2                HAL_UART_TxHalfCpltCallback
 .text.UART_DMATxHalfCplt
                0x080019e4        0xa Drivers\STM32L1xx_HAL_Driver\stm32l1xx_hal_uart.o
 .text.UART_DMAReceiveCplt
                0x080019ee       0x32 Drivers\STM32L1xx_HAL_Driver\stm32l1xx_hal_uart.o
 .text.HAL_UART_RxHalfCpltCallback
                0x08001a20        0x2 Drivers\STM32L1xx_HAL_Driver\stm32l1xx_hal_uart.o
                0x08001a20                HAL_UART_RxHalfCpltCallback
 .text.UART_DMARxHalfCplt
                0x08001a22        0xa Drivers\STM32L1xx_HAL_Driver\stm32l1xx_hal_uart.o
 .text.UART_DMAError
                0x08001a2c       0x1e Drivers\STM32L1xx_HAL_Driver\stm32l1xx_hal_uart.o
 .text.HAL_UART_IRQHandler
                0x08001a4a      0x184 Drivers\STM32L1xx_HAL_Driver\stm32l1xx_hal_uart.o
                0x08001a4a                HAL_UART_IRQHandler
 *fill*         0x08001bce        0x2 
 .text.Reset_Handler
                0x08001bd0       0x48 Example\TrueSTUDIO\startup_stm32l152xe.o
                0x08001bd0                Reset_Handler
 .text.Default_Handler
                0x08001c18        0x2 Example\TrueSTUDIO\startup_stm32l152xe.o
                0x08001c18                RTC_Alarm_IRQHandler
                0x08001c18                EXTI2_IRQHandler
                0x08001c18                COMP_ACQ_IRQHandler
                0x08001c18                TIM10_IRQHandler
                0x08001c18                USB_HP_IRQHandler
                0x08001c18                TIM6_IRQHandler
                0x08001c18                PVD_IRQHandler
                0x08001c18                EXTI3_IRQHandler
                0x08001c18                EXTI0_IRQHandler
                0x08001c18                I2C2_EV_IRQHandler
                0x08001c18                SPI1_IRQHandler
                0x08001c18                USB_FS_WKUP_IRQHandler
                0x08001c18                DMA2_Channel2_IRQHandler
                0x08001c18                ADC1_IRQHandler
                0x08001c18                USART3_IRQHandler
                0x08001c18                DMA1_Channel7_IRQHandler
                0x08001c18                LCD_IRQHandler
                0x08001c18                UART5_IRQHandler
                0x08001c18                TIM4_IRQHandler
                0x08001c18                DMA2_Channel1_IRQHandler
                0x08001c18                I2C1_EV_IRQHandler
                0x08001c18                DMA1_Channel6_IRQHandler
                0x08001c18                UART4_IRQHandler
                0x08001c18                DMA2_Channel4_IRQHandler
                0x08001c18                TIM3_IRQHandler
                0x08001c18                RCC_IRQHandler
                0x08001c18                Default_Handler
                0x08001c18                TIM7_IRQHandler
                0x08001c18                TIM5_IRQHandler
                0x08001c18                EXTI9_5_IRQHandler
                0x08001c18                TIM9_IRQHandler
                0x08001c18                TAMPER_STAMP_IRQHandler
                0x08001c18                RTC_WKUP_IRQHandler
                0x08001c18                SPI2_IRQHandler
                0x08001c18                DMA2_Channel5_IRQHandler
                0x08001c18                USB_LP_IRQHandler
                0x08001c18                EXTI4_IRQHandler
                0x08001c18                DMA1_Channel3_IRQHandler
                0x08001c18                COMP_IRQHandler
                0x08001c18                WWDG_IRQHandler
                0x08001c18                TIM2_IRQHandler
                0x08001c18                DAC_IRQHandler
                0x08001c18                EXTI1_IRQHandler
                0x08001c18                TIM11_IRQHandler
                0x08001c18                USART2_IRQHandler
                0x08001c18                I2C2_ER_IRQHandler
                0x08001c18                DMA1_Channel2_IRQHandler
                0x08001c18                FLASH_IRQHandler
                0x08001c18                SPI3_IRQHandler
                0x08001c18                I2C1_ER_IRQHandler
                0x08001c18                DMA2_Channel3_IRQHandler
 .text.Error_Handler
                0x08001c1a        0xa Example\User\main.o
 .text.Delay    0x08001c24       0x12 Example\User\main.o
                0x08001c24                Delay
 *fill*         0x08001c36        0x2 
 .text.color2pwm
                0x08001c38       0x60 Example\User\main.o
                0x08001c38                color2pwm
 .text.charToNumJa
                0x08001c98       0x1e Example\User\main.o
                0x08001c98                charToNumJa
 *fill*         0x08001cb6        0x2 
 .text.startup.main
                0x08001cb8      0x1c0 Example\User\main.o
                0x08001cb8                main
 .text.HAL_UART_RxCpltCallback
                0x08001e78       0x70 Example\User\main.o
                0x08001e78                HAL_UART_RxCpltCallback
 .text.HAL_UART_ErrorCallback
                0x08001ee8        0x6 Example\User\main.o
                0x08001ee8                HAL_UART_ErrorCallback
 *fill*         0x08001eee        0x2 
 .text.HAL_GPIO_EXTI_Callback
                0x08001ef0       0x14 Example\User\main.o
                0x08001ef0                HAL_GPIO_EXTI_Callback
 .text.HAL_TIM_PWM_MspInit
                0x08001f04       0xb0 Example\User\stm32l1xx_hal_msp.o
                0x08001f04                HAL_TIM_PWM_MspInit
 .text.HAL_UART_MspInit
                0x08001fb4      0x118 Example\User\stm32l1xx_hal_msp.o
                0x08001fb4                HAL_UART_MspInit
 .text.HAL_UART_MspDeInit
                0x080020cc       0x50 Example\User\stm32l1xx_hal_msp.o
                0x080020cc                HAL_UART_MspDeInit
 .text.NMI_Handler
                0x0800211c        0x2 Example\User\stm32l1xx_it.o
                0x0800211c                NMI_Handler
 .text.HardFault_Handler
                0x0800211e        0x2 Example\User\stm32l1xx_it.o
                0x0800211e                HardFault_Handler
 .text.MemManage_Handler
                0x08002120        0x2 Example\User\stm32l1xx_it.o
                0x08002120                MemManage_Handler
 .text.BusFault_Handler
                0x08002122        0x2 Example\User\stm32l1xx_it.o
                0x08002122                BusFault_Handler
 .text.UsageFault_Handler
                0x08002124        0x2 Example\User\stm32l1xx_it.o
                0x08002124                UsageFault_Handler
 .text.SVC_Handler
                0x08002126        0x2 Example\User\stm32l1xx_it.o
                0x08002126                SVC_Handler
 .text.DebugMon_Handler
                0x08002128        0x2 Example\User\stm32l1xx_it.o
                0x08002128                DebugMon_Handler
 .text.PendSV_Handler
                0x0800212a        0x2 Example\User\stm32l1xx_it.o
                0x0800212a                PendSV_Handler
 .text.SysTick_Handler
                0x0800212c        0x4 Example\User\stm32l1xx_it.o
                0x0800212c                SysTick_Handler
 .text.DMA1_Channel1_IRQHandler
                0x08002130        0xc Example\User\stm32l1xx_it.o
                0x08002130                DMA1_Channel1_IRQHandler
 .text.DMA1_Channel5_IRQHandler
                0x0800213c        0xc Example\User\stm32l1xx_it.o
                0x0800213c                DMA1_Channel5_IRQHandler
 .text.DMA1_Channel4_IRQHandler
                0x08002148        0xc Example\User\stm32l1xx_it.o
                0x08002148                DMA1_Channel4_IRQHandler
 .text.USART1_IRQHandler
                0x08002154        0xc Example\User\stm32l1xx_it.o
                0x08002154                USART1_IRQHandler
 .text.EXTI15_10_IRQHandler
                0x08002160        0x8 Example\User\stm32l1xx_it.o
                0x08002160                EXTI15_10_IRQHandler
 .text.__libc_init_array
                0x08002168       0x4c c:/program files (x86)/atollic/truestudio for arm 7.0.1/armtools/bin/../lib/gcc/arm-atollic-eabi/5.3.1/../../../../arm-atollic-eabi/lib/armv7-m\libc.a(lib_a-init.o)
                0x08002168                __libc_init_array
 .text.memset   0x080021b4       0x10 c:/program files (x86)/atollic/truestudio for arm 7.0.1/armtools/bin/../lib/gcc/arm-atollic-eabi/5.3.1/../../../../arm-atollic-eabi/lib/armv7-m\libc.a(lib_a-memset.o)
                0x080021b4                memset
 .text.strncpy  0x080021c4       0x26 c:/program files (x86)/atollic/truestudio for arm 7.0.1/armtools/bin/../lib/gcc/arm-atollic-eabi/5.3.1/../../../../arm-atollic-eabi/lib/armv7-m\libc.a(lib_a-strncpy.o)
                0x080021c4                strncpy
 *(.glue_7)
 .glue_7        0x080021ea        0x0 linker stubs
 *(.glue_7t)
 .glue_7t       0x080021ea        0x0 linker stubs
 *(.eh_frame)
 *fill*         0x080021ea        0x2 
 .eh_frame      0x080021ec        0x0 c:/program files (x86)/atollic/truestudio for arm 7.0.1/armtools/bin/../lib/gcc/arm-atollic-eabi/5.3.1/armv7-m/crtbegin.o
 *(.init)
 .init          0x080021ec        0x4 c:/program files (x86)/atollic/truestudio for arm 7.0.1/armtools/bin/../lib/gcc/arm-atollic-eabi/5.3.1/armv7-m/crti.o
                0x080021ec                _init
 .init          0x080021f0        0x8 c:/program files (x86)/atollic/truestudio for arm 7.0.1/armtools/bin/../lib/gcc/arm-atollic-eabi/5.3.1/armv7-m/crtn.o
 *(.fini)
 .fini          0x080021f8        0x4 c:/program files (x86)/atollic/truestudio for arm 7.0.1/armtools/bin/../lib/gcc/arm-atollic-eabi/5.3.1/armv7-m/crti.o
                0x080021f8                _fini
 .fini          0x080021fc        0x8 c:/program files (x86)/atollic/truestudio for arm 7.0.1/armtools/bin/../lib/gcc/arm-atollic-eabi/5.3.1/armv7-m/crtn.o
                0x08002204                . = ALIGN (0x4)
                0x08002204                _etext = .

.vfp11_veneer   0x08002204        0x0
 .vfp11_veneer  0x08002204        0x0 linker stubs

.v4_bx          0x08002204        0x0
 .v4_bx         0x08002204        0x0 linker stubs

.iplt           0x08002204        0x0
 .iplt          0x08002204        0x0 c:/program files (x86)/atollic/truestudio for arm 7.0.1/armtools/bin/../lib/gcc/arm-atollic-eabi/5.3.1/armv7-m/crtbegin.o

.rodata         0x08002204       0x24
                0x08002204                . = ALIGN (0x4)
 *(.rodata)
 *(.rodata*)
 .rodata.AHBPrescTable
                0x08002204       0x10 Drivers\CMSIS\system_stm32l1xx.o
                0x08002204                AHBPrescTable
 .rodata.APBPrescTable
                0x08002214        0x8 Drivers\CMSIS\system_stm32l1xx.o
                0x08002214                APBPrescTable
 .rodata.PLLMulTable
                0x0800221c        0x9 Drivers\CMSIS\system_stm32l1xx.o
                0x0800221c                PLLMulTable
                0x08002228                . = ALIGN (0x4)
 *fill*         0x08002225        0x3 

.rel.dyn        0x08002228        0x0
 .rel.iplt      0x08002228        0x0 c:/program files (x86)/atollic/truestudio for arm 7.0.1/armtools/bin/../lib/gcc/arm-atollic-eabi/5.3.1/armv7-m/crtbegin.o

.ARM.extab
 *(.ARM.extab* .gnu.linkonce.armextab.*)

.ARM            0x08002228        0x0
                0x08002228                __exidx_start = .
 *(.ARM.exidx*)
                0x08002228                __exidx_end = .

.preinit_array  0x08002228        0x0
                0x08002228                PROVIDE (__preinit_array_start, .)
 *(.preinit_array*)
                0x08002228                PROVIDE (__preinit_array_end, .)

.init_array     0x08002228        0x4
                0x08002228                PROVIDE (__init_array_start, .)
 *(SORT(.init_array.*))
 *(.init_array*)
 .init_array    0x08002228        0x4 c:/program files (x86)/atollic/truestudio for arm 7.0.1/armtools/bin/../lib/gcc/arm-atollic-eabi/5.3.1/armv7-m/crtbegin.o
                0x0800222c                PROVIDE (__init_array_end, .)

.fini_array     0x0800222c        0x4
                [!provide]                PROVIDE (__fini_array_start, .)
 *(SORT(.fini_array.*))
 *(.fini_array*)
 .fini_array    0x0800222c        0x4 c:/program files (x86)/atollic/truestudio for arm 7.0.1/armtools/bin/../lib/gcc/arm-atollic-eabi/5.3.1/armv7-m/crtbegin.o
                [!provide]                PROVIDE (__fini_array_end, .)
                0x08002230                _sidata = LOADADDR (.data)

.data           0x20000000       0xac load address 0x08002230
                0x20000000                . = ALIGN (0x4)
                0x20000000                _sdata = .
 *(.data)
 *(.data*)
 .data.BUTTON_PORT
                0x20000000        0x4 Drivers\BSP\STM32L1xx_Nucleo\stm32l1xx_nucleo.o
                0x20000000                BUTTON_PORT
 .data.LED_PORT
                0x20000004        0x4 Drivers\BSP\STM32L1xx_Nucleo\stm32l1xx_nucleo.o
                0x20000004                LED_PORT
 .data.SystemCoreClock
                0x20000008        0x4 Drivers\CMSIS\system_stm32l1xx.o
                0x20000008                SystemCoreClock
 .data.dlzka    0x2000000c        0x4 Example\User\main.o
                0x2000000c                dlzka
 .data.aTxBuffer
                0x20000010       0x9a Example\User\main.o
                0x20000010                aTxBuffer
                0x200000ac                . = ALIGN (0x4)
 *fill*         0x200000aa        0x2 
                0x200000ac                _edata = .

.igot.plt       0x200000ac        0x0 load address 0x080022dc
 .igot.plt      0x200000ac        0x0 c:/program files (x86)/atollic/truestudio for arm 7.0.1/armtools/bin/../lib/gcc/arm-atollic-eabi/5.3.1/armv7-m/crtbegin.o
                0x200000ac                . = ALIGN (0x4)

.bss            0x200000ac     0x16c4 load address 0x080022dc
                0x200000ac                _sbss = .
                0x200000ac                __bss_start__ = _sbss
 *(.bss)
 .bss           0x200000ac       0x1c c:/program files (x86)/atollic/truestudio for arm 7.0.1/armtools/bin/../lib/gcc/arm-atollic-eabi/5.3.1/armv7-m/crtbegin.o
 *(.bss*)
 .bss.aCCValue_Buffer
                0x200000c8      0x3c0 Example\User\main.o
                0x200000c8                aCCValue_Buffer
 .bss.uwTimerPeriod
                0x20000488        0x4 Example\User\main.o
                0x20000488                uwTimerPeriod
 .bss.UartReady
                0x2000048c        0x1 Example\User\main.o
                0x2000048c                UartReady
 *fill*         0x2000048d        0x3 
 .bss.UserButtonStatus
                0x20000490        0x4 Example\User\main.o
                0x20000490                UserButtonStatus
 .bss.hdma_tim.6957
                0x20000494       0x44 Example\User\stm32l1xx_hal_msp.o
 .bss.hdma_tx.6964
                0x200004d8       0x44 Example\User\stm32l1xx_hal_msp.o
 .bss.hdma_rx.6965
                0x2000051c       0x44 Example\User\stm32l1xx_hal_msp.o
 *(COMMON)
 COMMON         0x20000560        0x4 Drivers\STM32L1xx_HAL_Driver\stm32l1xx_hal.o
                0x20000560                uwTick
 COMMON         0x20000564     0x120c Example\User\main.o
                0x20000564                UartHandle
                0x200005a4                sConfig
                0x200005b8                aRxBuffer
                0x200006a8                TimHandle
                0x200006e0                WS2812_IO_framedata
                0x20001770                . = ALIGN (0x4)
                0x20001770                _ebss = .
                0x20001770                __bss_end__ = _ebss

._user_heap_stack
                0x20001770      0x600 load address 0x080022dc
                0x20001770                . = ALIGN (0x4)
                [!provide]                PROVIDE (end, .)
                [!provide]                PROVIDE (_end, .)
                0x20001970                . = (. + _Min_Heap_Size)
 *fill*         0x20001770      0x200 
                0x20001d70                . = (. + _Min_Stack_Size)
 *fill*         0x20001970      0x400 
                0x20001d70                . = ALIGN (0x4)

/DISCARD/
 libc.a(*)
 libm.a(*)
 libgcc.a(*)

.ARM.attributes
                0x00000000       0x29
 *(.ARM.attributes)
 .ARM.attributes
                0x00000000       0x1d c:/program files (x86)/atollic/truestudio for arm 7.0.1/armtools/bin/../lib/gcc/arm-atollic-eabi/5.3.1/armv7-m/crti.o
 .ARM.attributes
                0x0000001d       0x2d c:/program files (x86)/atollic/truestudio for arm 7.0.1/armtools/bin/../lib/gcc/arm-atollic-eabi/5.3.1/armv7-m/crtbegin.o
 .ARM.attributes
                0x0000004a       0x33 Drivers\BSP\STM32L1xx_Nucleo\stm32l1xx_nucleo.o
 .ARM.attributes
                0x0000007d       0x33 Drivers\CMSIS\system_stm32l1xx.o
 .ARM.attributes
                0x000000b0       0x33 Drivers\STM32L1xx_HAL_Driver\stm32l1xx_hal.o
 .ARM.attributes
                0x000000e3       0x33 Drivers\STM32L1xx_HAL_Driver\stm32l1xx_hal_cortex.o
 .ARM.attributes
                0x00000116       0x33 Drivers\STM32L1xx_HAL_Driver\stm32l1xx_hal_dma.o
 .ARM.attributes
                0x00000149       0x33 Drivers\STM32L1xx_HAL_Driver\stm32l1xx_hal_gpio.o
 .ARM.attributes
                0x0000017c       0x33 Drivers\STM32L1xx_HAL_Driver\stm32l1xx_hal_pwr_ex.o
 .ARM.attributes
                0x000001af       0x33 Drivers\STM32L1xx_HAL_Driver\stm32l1xx_hal_rcc.o
 .ARM.attributes
                0x000001e2       0x33 Drivers\STM32L1xx_HAL_Driver\stm32l1xx_hal_tim.o
 .ARM.attributes
                0x00000215       0x33 Drivers\STM32L1xx_HAL_Driver\stm32l1xx_hal_uart.o
 .ARM.attributes
                0x00000248       0x21 Example\TrueSTUDIO\startup_stm32l152xe.o
 .ARM.attributes
                0x00000269       0x33 Example\User\main.o
 .ARM.attributes
                0x0000029c       0x33 Example\User\stm32l1xx_hal_msp.o
 .ARM.attributes
                0x000002cf       0x33 Example\User\stm32l1xx_it.o
 .ARM.attributes
                0x00000302       0x2d c:/program files (x86)/atollic/truestudio for arm 7.0.1/armtools/bin/../lib/gcc/arm-atollic-eabi/5.3.1/../../../../arm-atollic-eabi/lib/armv7-m\libc.a(lib_a-init.o)
 .ARM.attributes
                0x0000032f       0x2d c:/program files (x86)/atollic/truestudio for arm 7.0.1/armtools/bin/../lib/gcc/arm-atollic-eabi/5.3.1/../../../../arm-atollic-eabi/lib/armv7-m\libc.a(lib_a-memset.o)
 .ARM.attributes
                0x0000035c       0x2d c:/program files (x86)/atollic/truestudio for arm 7.0.1/armtools/bin/../lib/gcc/arm-atollic-eabi/5.3.1/../../../../arm-atollic-eabi/lib/armv7-m\libc.a(lib_a-strncpy.o)
 .ARM.attributes
                0x00000389       0x1d c:/program files (x86)/atollic/truestudio for arm 7.0.1/armtools/bin/../lib/gcc/arm-atollic-eabi/5.3.1/armv7-m/crtn.o
OUTPUT(STM32L152RE_NUCLEO.elf elf32-littlearm)

.debug_info     0x00000000     0xb0fe
 .debug_info    0x00000000      0x8c7 Drivers\BSP\STM32L1xx_Nucleo\stm32l1xx_nucleo.o
 .debug_info    0x000008c7      0x448 Drivers\CMSIS\system_stm32l1xx.o
 .debug_info    0x00000d0f      0x700 Drivers\STM32L1xx_HAL_Driver\stm32l1xx_hal.o
 .debug_info    0x0000140f      0xdea Drivers\STM32L1xx_HAL_Driver\stm32l1xx_hal_cortex.o
 .debug_info    0x000021f9      0x797 Drivers\STM32L1xx_HAL_Driver\stm32l1xx_hal_dma.o
 .debug_info    0x00002990      0x60b Drivers\STM32L1xx_HAL_Driver\stm32l1xx_hal_gpio.o
 .debug_info    0x00002f9b      0x34a Drivers\STM32L1xx_HAL_Driver\stm32l1xx_hal_pwr_ex.o
 .debug_info    0x000032e5     0x169a Drivers\STM32L1xx_HAL_Driver\stm32l1xx_hal_rcc.o
 .debug_info    0x0000497f     0x2d3a Drivers\STM32L1xx_HAL_Driver\stm32l1xx_hal_tim.o
 .debug_info    0x000076b9     0x10ac Drivers\STM32L1xx_HAL_Driver\stm32l1xx_hal_uart.o
 .debug_info    0x00008765       0xed Example\TrueSTUDIO\startup_stm32l152xe.o
 .debug_info    0x00008852     0x120c Example\User\main.o
 .debug_info    0x00009a5e      0xe0c Example\User\stm32l1xx_hal_msp.o
 .debug_info    0x0000a86a      0x894 Example\User\stm32l1xx_it.o

.debug_abbrev   0x00000000     0x1cb1
 .debug_abbrev  0x00000000      0x1fa Drivers\BSP\STM32L1xx_Nucleo\stm32l1xx_nucleo.o
 .debug_abbrev  0x000001fa      0x101 Drivers\CMSIS\system_stm32l1xx.o
 .debug_abbrev  0x000002fb      0x1e2 Drivers\STM32L1xx_HAL_Driver\stm32l1xx_hal.o
 .debug_abbrev  0x000004dd      0x313 Drivers\STM32L1xx_HAL_Driver\stm32l1xx_hal_cortex.o
 .debug_abbrev  0x000007f0      0x212 Drivers\STM32L1xx_HAL_Driver\stm32l1xx_hal_dma.o
 .debug_abbrev  0x00000a02      0x1c8 Drivers\STM32L1xx_HAL_Driver\stm32l1xx_hal_gpio.o
 .debug_abbrev  0x00000bca      0x146 Drivers\STM32L1xx_HAL_Driver\stm32l1xx_hal_pwr_ex.o
 .debug_abbrev  0x00000d10      0x314 Drivers\STM32L1xx_HAL_Driver\stm32l1xx_hal_rcc.o
 .debug_abbrev  0x00001024      0x2f4 Drivers\STM32L1xx_HAL_Driver\stm32l1xx_hal_tim.o
 .debug_abbrev  0x00001318      0x2c5 Drivers\STM32L1xx_HAL_Driver\stm32l1xx_hal_uart.o
 .debug_abbrev  0x000015dd       0x12 Example\TrueSTUDIO\startup_stm32l152xe.o
 .debug_abbrev  0x000015ef      0x383 Example\User\main.o
 .debug_abbrev  0x00001972      0x1a3 Example\User\stm32l1xx_hal_msp.o
 .debug_abbrev  0x00001b15      0x19c Example\User\stm32l1xx_it.o

.debug_loc      0x00000000     0x5d2f
 .debug_loc     0x00000000      0x15b Drivers\BSP\STM32L1xx_Nucleo\stm32l1xx_nucleo.o
 .debug_loc     0x0000015b      0x112 Drivers\CMSIS\system_stm32l1xx.o
 .debug_loc     0x0000026d       0x6a Drivers\STM32L1xx_HAL_Driver\stm32l1xx_hal.o
 .debug_loc     0x000002d7      0x48f Drivers\STM32L1xx_HAL_Driver\stm32l1xx_hal_cortex.o
 .debug_loc     0x00000766      0x5c4 Drivers\STM32L1xx_HAL_Driver\stm32l1xx_hal_dma.o
 .debug_loc     0x00000d2a      0x2c9 Drivers\STM32L1xx_HAL_Driver\stm32l1xx_hal_gpio.o
 .debug_loc     0x00000ff3       0xac Drivers\STM32L1xx_HAL_Driver\stm32l1xx_hal_pwr_ex.o
 .debug_loc     0x0000109f      0xae3 Drivers\STM32L1xx_HAL_Driver\stm32l1xx_hal_rcc.o
 .debug_loc     0x00001b82     0x3188 Drivers\STM32L1xx_HAL_Driver\stm32l1xx_hal_tim.o
 .debug_loc     0x00004d0a      0xd6f Drivers\STM32L1xx_HAL_Driver\stm32l1xx_hal_uart.o
 .debug_loc     0x00005a79      0x232 Example\User\main.o
 .debug_loc     0x00005cab       0x84 Example\User\stm32l1xx_hal_msp.o

.debug_aranges  0x00000000      0x7c8
 .debug_aranges
                0x00000000       0x60 Drivers\BSP\STM32L1xx_Nucleo\stm32l1xx_nucleo.o
 .debug_aranges
                0x00000060       0x28 Drivers\CMSIS\system_stm32l1xx.o
 .debug_aranges
                0x00000088       0xa8 Drivers\STM32L1xx_HAL_Driver\stm32l1xx_hal.o
 .debug_aranges
                0x00000130       0x98 Drivers\STM32L1xx_HAL_Driver\stm32l1xx_hal_cortex.o
 .debug_aranges
                0x000001c8       0x78 Drivers\STM32L1xx_HAL_Driver\stm32l1xx_hal_dma.o
 .debug_aranges
                0x00000240       0x58 Drivers\STM32L1xx_HAL_Driver\stm32l1xx_hal_gpio.o
 .debug_aranges
                0x00000298       0x50 Drivers\STM32L1xx_HAL_Driver\stm32l1xx_hal_pwr_ex.o
 .debug_aranges
                0x000002e8       0x90 Drivers\STM32L1xx_HAL_Driver\stm32l1xx_hal_rcc.o
 .debug_aranges
                0x00000378      0x218 Drivers\STM32L1xx_HAL_Driver\stm32l1xx_hal_tim.o
 .debug_aranges
                0x00000590      0x108 Drivers\STM32L1xx_HAL_Driver\stm32l1xx_hal_uart.o
 .debug_aranges
                0x00000698       0x28 Example\TrueSTUDIO\startup_stm32l152xe.o
 .debug_aranges
                0x000006c0       0x68 Example\User\main.o
 .debug_aranges
                0x00000728       0x30 Example\User\stm32l1xx_hal_msp.o
 .debug_aranges
                0x00000758       0x70 Example\User\stm32l1xx_it.o

.debug_ranges   0x00000000      0xba0
 .debug_ranges  0x00000000       0x50 Drivers\BSP\STM32L1xx_Nucleo\stm32l1xx_nucleo.o
 .debug_ranges  0x00000050       0x18 Drivers\CMSIS\system_stm32l1xx.o
 .debug_ranges  0x00000068       0x98 Drivers\STM32L1xx_HAL_Driver\stm32l1xx_hal.o
 .debug_ranges  0x00000100      0x138 Drivers\STM32L1xx_HAL_Driver\stm32l1xx_hal_cortex.o
 .debug_ranges  0x00000238       0xa8 Drivers\STM32L1xx_HAL_Driver\stm32l1xx_hal_dma.o
 .debug_ranges  0x000002e0       0x68 Drivers\STM32L1xx_HAL_Driver\stm32l1xx_hal_gpio.o
 .debug_ranges  0x00000348       0x40 Drivers\STM32L1xx_HAL_Driver\stm32l1xx_hal_pwr_ex.o
 .debug_ranges  0x00000388      0x198 Drivers\STM32L1xx_HAL_Driver\stm32l1xx_hal_rcc.o
 .debug_ranges  0x00000520      0x328 Drivers\STM32L1xx_HAL_Driver\stm32l1xx_hal_tim.o
 .debug_ranges  0x00000848      0x110 Drivers\STM32L1xx_HAL_Driver\stm32l1xx_hal_uart.o
 .debug_ranges  0x00000958       0x20 Example\TrueSTUDIO\startup_stm32l152xe.o
 .debug_ranges  0x00000978       0xb8 Example\User\main.o
 .debug_ranges  0x00000a30      0x110 Example\User\stm32l1xx_hal_msp.o
 .debug_ranges  0x00000b40       0x60 Example\User\stm32l1xx_it.o

.debug_line     0x00000000     0x4730
 .debug_line    0x00000000      0x329 Drivers\BSP\STM32L1xx_Nucleo\stm32l1xx_nucleo.o
 .debug_line    0x00000329      0x1f7 Drivers\CMSIS\system_stm32l1xx.o
 .debug_line    0x00000520      0x3a7 Drivers\STM32L1xx_HAL_Driver\stm32l1xx_hal.o
 .debug_line    0x000008c7      0x434 Drivers\STM32L1xx_HAL_Driver\stm32l1xx_hal_cortex.o
 .debug_line    0x00000cfb      0x51b Drivers\STM32L1xx_HAL_Driver\stm32l1xx_hal_dma.o
 .debug_line    0x00001216      0x412 Drivers\STM32L1xx_HAL_Driver\stm32l1xx_hal_gpio.o
 .debug_line    0x00001628      0x321 Drivers\STM32L1xx_HAL_Driver\stm32l1xx_hal_pwr_ex.o
 .debug_line    0x00001949      0x91a Drivers\STM32L1xx_HAL_Driver\stm32l1xx_hal_rcc.o
 .debug_line    0x00002263      0xf6d Drivers\STM32L1xx_HAL_Driver\stm32l1xx_hal_tim.o
 .debug_line    0x000031d0      0x9f1 Drivers\STM32L1xx_HAL_Driver\stm32l1xx_hal_uart.o
 .debug_line    0x00003bc1       0x78 Example\TrueSTUDIO\startup_stm32l152xe.o
 .debug_line    0x00003c39      0x479 Example\User\main.o
 .debug_line    0x000040b2      0x35b Example\User\stm32l1xx_hal_msp.o
 .debug_line    0x0000440d      0x323 Example\User\stm32l1xx_it.o

.debug_str      0x00000000     0x2c54
 .debug_str     0x00000000      0x859 Drivers\BSP\STM32L1xx_Nucleo\stm32l1xx_nucleo.o
                                0x8b9 (size before relaxing)
 .debug_str     0x00000859       0xf8 Drivers\CMSIS\system_stm32l1xx.o
                                0x384 (size before relaxing)
 .debug_str     0x00000951      0x2b7 Drivers\STM32L1xx_HAL_Driver\stm32l1xx_hal.o
                                0x8b9 (size before relaxing)
 .debug_str     0x00000c08      0x352 Drivers\STM32L1xx_HAL_Driver\stm32l1xx_hal_cortex.o
                                0xae0 (size before relaxing)
 .debug_str     0x00000f5a      0x405 Drivers\STM32L1xx_HAL_Driver\stm32l1xx_hal_dma.o
                                0x6a8 (size before relaxing)
 .debug_str     0x0000135f      0x103 Drivers\STM32L1xx_HAL_Driver\stm32l1xx_hal_gpio.o
                                0x4bb (size before relaxing)
 .debug_str     0x00001462      0x148 Drivers\STM32L1xx_HAL_Driver\stm32l1xx_hal_pwr_ex.o
                                0x39b (size before relaxing)
 .debug_str     0x000015aa      0x345 Drivers\STM32L1xx_HAL_Driver\stm32l1xx_hal_rcc.o
                                0x794 (size before relaxing)
 .debug_str     0x000018ef      0xbe1 Drivers\STM32L1xx_HAL_Driver\stm32l1xx_hal_tim.o
                               0x1096 (size before relaxing)
 .debug_str     0x000024d0      0x4a6 Drivers\STM32L1xx_HAL_Driver\stm32l1xx_hal_uart.o
                                0x9af (size before relaxing)
 .debug_str     0x00002976      0x167 Example\User\main.o
                                0xc67 (size before relaxing)
 .debug_str     0x00002add       0x82 Example\User\stm32l1xx_hal_msp.o
                                0xc8a (size before relaxing)
 .debug_str     0x00002b5f       0xf5 Example\User\stm32l1xx_it.o
                                0x8bc (size before relaxing)

.comment        0x00000000       0x7e
 .comment       0x00000000       0x7e Drivers\BSP\STM32L1xx_Nucleo\stm32l1xx_nucleo.o
                                 0x7f (size before relaxing)
 .comment       0x0000007e       0x7f Drivers\CMSIS\system_stm32l1xx.o
 .comment       0x0000007e       0x7f Drivers\STM32L1xx_HAL_Driver\stm32l1xx_hal.o
 .comment       0x0000007e       0x7f Drivers\STM32L1xx_HAL_Driver\stm32l1xx_hal_cortex.o
 .comment       0x0000007e       0x7f Drivers\STM32L1xx_HAL_Driver\stm32l1xx_hal_dma.o
 .comment       0x0000007e       0x7f Drivers\STM32L1xx_HAL_Driver\stm32l1xx_hal_gpio.o
 .comment       0x0000007e       0x7f Drivers\STM32L1xx_HAL_Driver\stm32l1xx_hal_pwr_ex.o
 .comment       0x0000007e       0x7f Drivers\STM32L1xx_HAL_Driver\stm32l1xx_hal_rcc.o
 .comment       0x0000007e       0x7f Drivers\STM32L1xx_HAL_Driver\stm32l1xx_hal_tim.o
 .comment       0x0000007e       0x7f Drivers\STM32L1xx_HAL_Driver\stm32l1xx_hal_uart.o
 .comment       0x0000007e       0x7f Example\User\main.o
 .comment       0x0000007e       0x7f Example\User\stm32l1xx_hal_msp.o
 .comment       0x0000007e       0x7f Example\User\stm32l1xx_it.o

.debug_frame    0x00000000     0x158c
 .debug_frame   0x00000000       0xec Drivers\BSP\STM32L1xx_Nucleo\stm32l1xx_nucleo.o
 .debug_frame   0x000000ec       0x38 Drivers\CMSIS\system_stm32l1xx.o
 .debug_frame   0x00000124      0x164 Drivers\STM32L1xx_HAL_Driver\stm32l1xx_hal.o
 .debug_frame   0x00000288      0x130 Drivers\STM32L1xx_HAL_Driver\stm32l1xx_hal_cortex.o
 .debug_frame   0x000003b8      0x140 Drivers\STM32L1xx_HAL_Driver\stm32l1xx_hal_dma.o
 .debug_frame   0x000004f8       0xd4 Drivers\STM32L1xx_HAL_Driver\stm32l1xx_hal_gpio.o
 .debug_frame   0x000005cc       0x80 Drivers\STM32L1xx_HAL_Driver\stm32l1xx_hal_pwr_ex.o
 .debug_frame   0x0000064c      0x158 Drivers\STM32L1xx_HAL_Driver\stm32l1xx_hal_rcc.o
 .debug_frame   0x000007a4      0x7ec Drivers\STM32L1xx_HAL_Driver\stm32l1xx_hal_tim.o
 .debug_frame   0x00000f90      0x318 Drivers\STM32L1xx_HAL_Driver\stm32l1xx_hal_uart.o
 .debug_frame   0x000012a8      0x10c Example\User\main.o
 .debug_frame   0x000013b4       0x74 Example\User\stm32l1xx_hal_msp.o
 .debug_frame   0x00001428       0xf0 Example\User\stm32l1xx_it.o
 .debug_frame   0x00001518       0x2c c:/program files (x86)/atollic/truestudio for arm 7.0.1/armtools/bin/../lib/gcc/arm-atollic-eabi/5.3.1/../../../../arm-atollic-eabi/lib/armv7-m\libc.a(lib_a-init.o)
 .debug_frame   0x00001544       0x20 c:/program files (x86)/atollic/truestudio for arm 7.0.1/armtools/bin/../lib/gcc/arm-atollic-eabi/5.3.1/../../../../arm-atollic-eabi/lib/armv7-m\libc.a(lib_a-memset.o)
 .debug_frame   0x00001564       0x28 c:/program files (x86)/atollic/truestudio for arm 7.0.1/armtools/bin/../lib/gcc/arm-atollic-eabi/5.3.1/../../../../arm-atollic-eabi/lib/armv7-m\libc.a(lib_a-strncpy.o)

Cross Reference Table

Symbol                                            File
ADC1_IRQHandler                                   Example\TrueSTUDIO\startup_stm32l152xe.o
AHBPrescTable                                     Drivers\CMSIS\system_stm32l1xx.o
                                                  Drivers\STM32L1xx_HAL_Driver\stm32l1xx_hal_rcc.o
APBPrescTable                                     Drivers\CMSIS\system_stm32l1xx.o
                                                  Drivers\STM32L1xx_HAL_Driver\stm32l1xx_hal_rcc.o
BSP_GetVersion                                    Drivers\BSP\STM32L1xx_Nucleo\stm32l1xx_nucleo.o
BSP_LED_DeInit                                    Drivers\BSP\STM32L1xx_Nucleo\stm32l1xx_nucleo.o
BSP_LED_Init                                      Drivers\BSP\STM32L1xx_Nucleo\stm32l1xx_nucleo.o
                                                  Example\User\main.o
BSP_LED_Off                                       Drivers\BSP\STM32L1xx_Nucleo\stm32l1xx_nucleo.o
BSP_LED_On                                        Drivers\BSP\STM32L1xx_Nucleo\stm32l1xx_nucleo.o
                                                  Example\User\main.o
BSP_LED_Toggle                                    Drivers\BSP\STM32L1xx_Nucleo\stm32l1xx_nucleo.o
BSP_PB_DeInit                                     Drivers\BSP\STM32L1xx_Nucleo\stm32l1xx_nucleo.o
BSP_PB_GetState                                   Drivers\BSP\STM32L1xx_Nucleo\stm32l1xx_nucleo.o
BSP_PB_Init                                       Drivers\BSP\STM32L1xx_Nucleo\stm32l1xx_nucleo.o
                                                  Example\User\main.o
BUTTON_IRQn                                       Drivers\BSP\STM32L1xx_Nucleo\stm32l1xx_nucleo.o
BUTTON_PIN                                        Drivers\BSP\STM32L1xx_Nucleo\stm32l1xx_nucleo.o
BUTTON_PORT                                       Drivers\BSP\STM32L1xx_Nucleo\stm32l1xx_nucleo.o
BusFault_Handler                                  Example\User\stm32l1xx_it.o
                                                  Example\TrueSTUDIO\startup_stm32l152xe.o
COMP_ACQ_IRQHandler                               Example\TrueSTUDIO\startup_stm32l152xe.o
COMP_IRQHandler                                   Example\TrueSTUDIO\startup_stm32l152xe.o
DAC_IRQHandler                                    Example\TrueSTUDIO\startup_stm32l152xe.o
DMA1_Channel1_IRQHandler                          Example\User\stm32l1xx_it.o
                                                  Example\TrueSTUDIO\startup_stm32l152xe.o
DMA1_Channel2_IRQHandler                          Example\TrueSTUDIO\startup_stm32l152xe.o
DMA1_Channel3_IRQHandler                          Example\TrueSTUDIO\startup_stm32l152xe.o
DMA1_Channel4_IRQHandler                          Example\User\stm32l1xx_it.o
                                                  Example\TrueSTUDIO\startup_stm32l152xe.o
DMA1_Channel5_IRQHandler                          Example\User\stm32l1xx_it.o
                                                  Example\TrueSTUDIO\startup_stm32l152xe.o
DMA1_Channel6_IRQHandler                          Example\TrueSTUDIO\startup_stm32l152xe.o
DMA1_Channel7_IRQHandler                          Example\TrueSTUDIO\startup_stm32l152xe.o
DMA2_Channel1_IRQHandler                          Example\TrueSTUDIO\startup_stm32l152xe.o
DMA2_Channel2_IRQHandler                          Example\TrueSTUDIO\startup_stm32l152xe.o
DMA2_Channel3_IRQHandler                          Example\TrueSTUDIO\startup_stm32l152xe.o
DMA2_Channel4_IRQHandler                          Example\TrueSTUDIO\startup_stm32l152xe.o
DMA2_Channel5_IRQHandler                          Example\TrueSTUDIO\startup_stm32l152xe.o
DebugMon_Handler                                  Example\User\stm32l1xx_it.o
                                                  Example\TrueSTUDIO\startup_stm32l152xe.o
Default_Handler                                   Example\TrueSTUDIO\startup_stm32l152xe.o
Delay                                             Example\User\main.o
EXTI0_IRQHandler                                  Example\TrueSTUDIO\startup_stm32l152xe.o
EXTI15_10_IRQHandler                              Example\User\stm32l1xx_it.o
                                                  Example\TrueSTUDIO\startup_stm32l152xe.o
EXTI1_IRQHandler                                  Example\TrueSTUDIO\startup_stm32l152xe.o
EXTI2_IRQHandler                                  Example\TrueSTUDIO\startup_stm32l152xe.o
EXTI3_IRQHandler                                  Example\TrueSTUDIO\startup_stm32l152xe.o
EXTI4_IRQHandler                                  Example\TrueSTUDIO\startup_stm32l152xe.o
EXTI9_5_IRQHandler                                Example\TrueSTUDIO\startup_stm32l152xe.o
FLASH_IRQHandler                                  Example\TrueSTUDIO\startup_stm32l152xe.o
HAL_DBGMCU_DisableDBGSleepMode                    Drivers\STM32L1xx_HAL_Driver\stm32l1xx_hal.o
HAL_DBGMCU_DisableDBGStandbyMode                  Drivers\STM32L1xx_HAL_Driver\stm32l1xx_hal.o
HAL_DBGMCU_DisableDBGStopMode                     Drivers\STM32L1xx_HAL_Driver\stm32l1xx_hal.o
HAL_DBGMCU_EnableDBGSleepMode                     Drivers\STM32L1xx_HAL_Driver\stm32l1xx_hal.o
HAL_DBGMCU_EnableDBGStandbyMode                   Drivers\STM32L1xx_HAL_Driver\stm32l1xx_hal.o
HAL_DBGMCU_EnableDBGStopMode                      Drivers\STM32L1xx_HAL_Driver\stm32l1xx_hal.o
HAL_DMA_Abort                                     Drivers\STM32L1xx_HAL_Driver\stm32l1xx_hal_dma.o
                                                  Drivers\STM32L1xx_HAL_Driver\stm32l1xx_hal_uart.o
                                                  Drivers\STM32L1xx_HAL_Driver\stm32l1xx_hal_tim.o
HAL_DMA_Abort_IT                                  Drivers\STM32L1xx_HAL_Driver\stm32l1xx_hal_dma.o
HAL_DMA_DeInit                                    Drivers\STM32L1xx_HAL_Driver\stm32l1xx_hal_dma.o
                                                  Example\User\stm32l1xx_hal_msp.o
HAL_DMA_GetError                                  Drivers\STM32L1xx_HAL_Driver\stm32l1xx_hal_dma.o
HAL_DMA_GetState                                  Drivers\STM32L1xx_HAL_Driver\stm32l1xx_hal_dma.o
HAL_DMA_IRQHandler                                Drivers\STM32L1xx_HAL_Driver\stm32l1xx_hal_dma.o
                                                  Example\User\stm32l1xx_it.o
HAL_DMA_Init                                      Drivers\STM32L1xx_HAL_Driver\stm32l1xx_hal_dma.o
                                                  Example\User\stm32l1xx_hal_msp.o
HAL_DMA_PollForTransfer                           Drivers\STM32L1xx_HAL_Driver\stm32l1xx_hal_dma.o
HAL_DMA_RegisterCallback                          Drivers\STM32L1xx_HAL_Driver\stm32l1xx_hal_dma.o
HAL_DMA_Start                                     Drivers\STM32L1xx_HAL_Driver\stm32l1xx_hal_dma.o
HAL_DMA_Start_IT                                  Drivers\STM32L1xx_HAL_Driver\stm32l1xx_hal_dma.o
                                                  Drivers\STM32L1xx_HAL_Driver\stm32l1xx_hal_uart.o
                                                  Drivers\STM32L1xx_HAL_Driver\stm32l1xx_hal_tim.o
HAL_DMA_UnRegisterCallback                        Drivers\STM32L1xx_HAL_Driver\stm32l1xx_hal_dma.o
HAL_DeInit                                        Drivers\STM32L1xx_HAL_Driver\stm32l1xx_hal.o
HAL_Delay                                         Drivers\STM32L1xx_HAL_Driver\stm32l1xx_hal.o
HAL_GPIO_DeInit                                   Drivers\STM32L1xx_HAL_Driver\stm32l1xx_hal_gpio.o
                                                  Example\User\stm32l1xx_hal_msp.o
                                                  Drivers\BSP\STM32L1xx_Nucleo\stm32l1xx_nucleo.o
HAL_GPIO_EXTI_Callback                            Example\User\main.o
                                                  Drivers\STM32L1xx_HAL_Driver\stm32l1xx_hal_gpio.o
HAL_GPIO_EXTI_IRQHandler                          Drivers\STM32L1xx_HAL_Driver\stm32l1xx_hal_gpio.o
                                                  Example\User\stm32l1xx_it.o
HAL_GPIO_Init                                     Drivers\STM32L1xx_HAL_Driver\stm32l1xx_hal_gpio.o
                                                  Example\User\stm32l1xx_hal_msp.o
                                                  Drivers\STM32L1xx_HAL_Driver\stm32l1xx_hal_rcc.o
                                                  Drivers\BSP\STM32L1xx_Nucleo\stm32l1xx_nucleo.o
HAL_GPIO_LockPin                                  Drivers\STM32L1xx_HAL_Driver\stm32l1xx_hal_gpio.o
HAL_GPIO_ReadPin                                  Drivers\STM32L1xx_HAL_Driver\stm32l1xx_hal_gpio.o
                                                  Drivers\BSP\STM32L1xx_Nucleo\stm32l1xx_nucleo.o
HAL_GPIO_TogglePin                                Drivers\STM32L1xx_HAL_Driver\stm32l1xx_hal_gpio.o
                                                  Drivers\BSP\STM32L1xx_Nucleo\stm32l1xx_nucleo.o
HAL_GPIO_WritePin                                 Drivers\STM32L1xx_HAL_Driver\stm32l1xx_hal_gpio.o
                                                  Drivers\BSP\STM32L1xx_Nucleo\stm32l1xx_nucleo.o
HAL_GetDEVID                                      Drivers\STM32L1xx_HAL_Driver\stm32l1xx_hal.o
HAL_GetHalVersion                                 Drivers\STM32L1xx_HAL_Driver\stm32l1xx_hal.o
HAL_GetREVID                                      Drivers\STM32L1xx_HAL_Driver\stm32l1xx_hal.o
HAL_GetTick                                       Drivers\STM32L1xx_HAL_Driver\stm32l1xx_hal.o
                                                  Drivers\STM32L1xx_HAL_Driver\stm32l1xx_hal_uart.o
                                                  Drivers\STM32L1xx_HAL_Driver\stm32l1xx_hal_rcc_ex.o
                                                  Drivers\STM32L1xx_HAL_Driver\stm32l1xx_hal_rcc.o
                                                  Drivers\STM32L1xx_HAL_Driver\stm32l1xx_hal_dma.o
HAL_HalfDuplex_EnableReceiver                     Drivers\STM32L1xx_HAL_Driver\stm32l1xx_hal_uart.o
HAL_HalfDuplex_EnableTransmitter                  Drivers\STM32L1xx_HAL_Driver\stm32l1xx_hal_uart.o
HAL_HalfDuplex_Init                               Drivers\STM32L1xx_HAL_Driver\stm32l1xx_hal_uart.o
HAL_IncTick                                       Drivers\STM32L1xx_HAL_Driver\stm32l1xx_hal.o
                                                  Example\User\stm32l1xx_it.o
HAL_Init                                          Drivers\STM32L1xx_HAL_Driver\stm32l1xx_hal.o
                                                  Example\User\main.o
HAL_InitTick                                      Drivers\STM32L1xx_HAL_Driver\stm32l1xx_hal.o
                                                  Drivers\STM32L1xx_HAL_Driver\stm32l1xx_hal_rcc.o
HAL_LIN_Init                                      Drivers\STM32L1xx_HAL_Driver\stm32l1xx_hal_uart.o
HAL_LIN_SendBreak                                 Drivers\STM32L1xx_HAL_Driver\stm32l1xx_hal_uart.o
HAL_MPU_ConfigRegion                              Drivers\STM32L1xx_HAL_Driver\stm32l1xx_hal_cortex.o
HAL_MspDeInit                                     Drivers\STM32L1xx_HAL_Driver\stm32l1xx_hal.o
HAL_MspInit                                       Drivers\STM32L1xx_HAL_Driver\stm32l1xx_hal.o
HAL_MultiProcessor_EnterMuteMode                  Drivers\STM32L1xx_HAL_Driver\stm32l1xx_hal_uart.o
HAL_MultiProcessor_ExitMuteMode                   Drivers\STM32L1xx_HAL_Driver\stm32l1xx_hal_uart.o
HAL_MultiProcessor_Init                           Drivers\STM32L1xx_HAL_Driver\stm32l1xx_hal_uart.o
HAL_NVIC_ClearPendingIRQ                          Drivers\STM32L1xx_HAL_Driver\stm32l1xx_hal_cortex.o
HAL_NVIC_DisableIRQ                               Drivers\STM32L1xx_HAL_Driver\stm32l1xx_hal_cortex.o
                                                  Example\User\stm32l1xx_hal_msp.o
                                                  Drivers\BSP\STM32L1xx_Nucleo\stm32l1xx_nucleo.o
HAL_NVIC_EnableIRQ                                Drivers\STM32L1xx_HAL_Driver\stm32l1xx_hal_cortex.o
                                                  Example\User\stm32l1xx_hal_msp.o
                                                  Drivers\BSP\STM32L1xx_Nucleo\stm32l1xx_nucleo.o
HAL_NVIC_GetActive                                Drivers\STM32L1xx_HAL_Driver\stm32l1xx_hal_cortex.o
HAL_NVIC_GetPendingIRQ                            Drivers\STM32L1xx_HAL_Driver\stm32l1xx_hal_cortex.o
HAL_NVIC_GetPriority                              Drivers\STM32L1xx_HAL_Driver\stm32l1xx_hal_cortex.o
HAL_NVIC_GetPriorityGrouping                      Drivers\STM32L1xx_HAL_Driver\stm32l1xx_hal_cortex.o
HAL_NVIC_SetPendingIRQ                            Drivers\STM32L1xx_HAL_Driver\stm32l1xx_hal_cortex.o
HAL_NVIC_SetPriority                              Drivers\STM32L1xx_HAL_Driver\stm32l1xx_hal_cortex.o
                                                  Example\User\stm32l1xx_hal_msp.o
                                                  Drivers\STM32L1xx_HAL_Driver\stm32l1xx_hal.o
                                                  Drivers\BSP\STM32L1xx_Nucleo\stm32l1xx_nucleo.o
HAL_NVIC_SetPriorityGrouping                      Drivers\STM32L1xx_HAL_Driver\stm32l1xx_hal_cortex.o
                                                  Drivers\STM32L1xx_HAL_Driver\stm32l1xx_hal.o
HAL_NVIC_SystemReset                              Drivers\STM32L1xx_HAL_Driver\stm32l1xx_hal_cortex.o
HAL_PWREx_DisableFastWakeUp                       Drivers\STM32L1xx_HAL_Driver\stm32l1xx_hal_pwr_ex.o
HAL_PWREx_DisableLowPowerRunMode                  Drivers\STM32L1xx_HAL_Driver\stm32l1xx_hal_pwr_ex.o
HAL_PWREx_DisableUltraLowPower                    Drivers\STM32L1xx_HAL_Driver\stm32l1xx_hal_pwr_ex.o
HAL_PWREx_EnableFastWakeUp                        Drivers\STM32L1xx_HAL_Driver\stm32l1xx_hal_pwr_ex.o
HAL_PWREx_EnableLowPowerRunMode                   Drivers\STM32L1xx_HAL_Driver\stm32l1xx_hal_pwr_ex.o
HAL_PWREx_EnableUltraLowPower                     Drivers\STM32L1xx_HAL_Driver\stm32l1xx_hal_pwr_ex.o
HAL_PWREx_GetVoltageRange                         Drivers\STM32L1xx_HAL_Driver\stm32l1xx_hal_pwr_ex.o
                                                  Drivers\STM32L1xx_HAL_Driver\stm32l1xx_hal_rcc.o
HAL_PWR_ConfigPVD                                 Drivers\STM32L1xx_HAL_Driver\stm32l1xx_hal_pwr.o
HAL_PWR_DeInit                                    Drivers\STM32L1xx_HAL_Driver\stm32l1xx_hal_pwr.o
HAL_PWR_DisableBkUpAccess                         Drivers\STM32L1xx_HAL_Driver\stm32l1xx_hal_pwr.o
HAL_PWR_DisablePVD                                Drivers\STM32L1xx_HAL_Driver\stm32l1xx_hal_pwr.o
HAL_PWR_DisableSEVOnPend                          Drivers\STM32L1xx_HAL_Driver\stm32l1xx_hal_pwr.o
HAL_PWR_DisableSleepOnExit                        Drivers\STM32L1xx_HAL_Driver\stm32l1xx_hal_pwr.o
HAL_PWR_DisableWakeUpPin                          Drivers\STM32L1xx_HAL_Driver\stm32l1xx_hal_pwr.o
HAL_PWR_EnableBkUpAccess                          Drivers\STM32L1xx_HAL_Driver\stm32l1xx_hal_pwr.o
HAL_PWR_EnablePVD                                 Drivers\STM32L1xx_HAL_Driver\stm32l1xx_hal_pwr.o
HAL_PWR_EnableSEVOnPend                           Drivers\STM32L1xx_HAL_Driver\stm32l1xx_hal_pwr.o
HAL_PWR_EnableSleepOnExit                         Drivers\STM32L1xx_HAL_Driver\stm32l1xx_hal_pwr.o
HAL_PWR_EnableWakeUpPin                           Drivers\STM32L1xx_HAL_Driver\stm32l1xx_hal_pwr.o
HAL_PWR_EnterSLEEPMode                            Drivers\STM32L1xx_HAL_Driver\stm32l1xx_hal_pwr.o
HAL_PWR_EnterSTANDBYMode                          Drivers\STM32L1xx_HAL_Driver\stm32l1xx_hal_pwr.o
HAL_PWR_EnterSTOPMode                             Drivers\STM32L1xx_HAL_Driver\stm32l1xx_hal_pwr.o
HAL_PWR_PVDCallback                               Drivers\STM32L1xx_HAL_Driver\stm32l1xx_hal_pwr.o
HAL_PWR_PVD_IRQHandler                            Drivers\STM32L1xx_HAL_Driver\stm32l1xx_hal_pwr.o
HAL_RCCEx_DisableLSECSS                           Drivers\STM32L1xx_HAL_Driver\stm32l1xx_hal_rcc_ex.o
HAL_RCCEx_EnableLSECSS                            Drivers\STM32L1xx_HAL_Driver\stm32l1xx_hal_rcc_ex.o
HAL_RCCEx_EnableLSECSS_IT                         Drivers\STM32L1xx_HAL_Driver\stm32l1xx_hal_rcc_ex.o
HAL_RCCEx_GetPeriphCLKConfig                      Drivers\STM32L1xx_HAL_Driver\stm32l1xx_hal_rcc_ex.o
HAL_RCCEx_GetPeriphCLKFreq                        Drivers\STM32L1xx_HAL_Driver\stm32l1xx_hal_rcc_ex.o
HAL_RCCEx_LSECSS_Callback                         Drivers\STM32L1xx_HAL_Driver\stm32l1xx_hal_rcc_ex.o
HAL_RCCEx_LSECSS_IRQHandler                       Drivers\STM32L1xx_HAL_Driver\stm32l1xx_hal_rcc_ex.o
HAL_RCCEx_PeriphCLKConfig                         Drivers\STM32L1xx_HAL_Driver\stm32l1xx_hal_rcc_ex.o
HAL_RCC_CSSCallback                               Drivers\STM32L1xx_HAL_Driver\stm32l1xx_hal_rcc.o
HAL_RCC_ClockConfig                               Drivers\STM32L1xx_HAL_Driver\stm32l1xx_hal_rcc.o
                                                  Example\User\main.o
HAL_RCC_DeInit                                    Drivers\STM32L1xx_HAL_Driver\stm32l1xx_hal_rcc.o
HAL_RCC_DisableCSS                                Drivers\STM32L1xx_HAL_Driver\stm32l1xx_hal_rcc.o
HAL_RCC_EnableCSS                                 Drivers\STM32L1xx_HAL_Driver\stm32l1xx_hal_rcc.o
HAL_RCC_GetClockConfig                            Drivers\STM32L1xx_HAL_Driver\stm32l1xx_hal_rcc.o
HAL_RCC_GetHCLKFreq                               Drivers\STM32L1xx_HAL_Driver\stm32l1xx_hal_rcc.o
HAL_RCC_GetOscConfig                              Drivers\STM32L1xx_HAL_Driver\stm32l1xx_hal_rcc.o
HAL_RCC_GetPCLK1Freq                              Drivers\STM32L1xx_HAL_Driver\stm32l1xx_hal_rcc.o
                                                  Drivers\STM32L1xx_HAL_Driver\stm32l1xx_hal_uart.o
HAL_RCC_GetPCLK2Freq                              Drivers\STM32L1xx_HAL_Driver\stm32l1xx_hal_rcc.o
                                                  Drivers\STM32L1xx_HAL_Driver\stm32l1xx_hal_uart.o
HAL_RCC_GetSysClockFreq                           Drivers\STM32L1xx_HAL_Driver\stm32l1xx_hal_rcc.o
HAL_RCC_MCOConfig                                 Drivers\STM32L1xx_HAL_Driver\stm32l1xx_hal_rcc.o
HAL_RCC_NMI_IRQHandler                            Drivers\STM32L1xx_HAL_Driver\stm32l1xx_hal_rcc.o
HAL_RCC_OscConfig                                 Drivers\STM32L1xx_HAL_Driver\stm32l1xx_hal_rcc.o
                                                  Example\User\main.o
HAL_ResumeTick                                    Drivers\STM32L1xx_HAL_Driver\stm32l1xx_hal.o
HAL_SYSTICK_CLKSourceConfig                       Drivers\STM32L1xx_HAL_Driver\stm32l1xx_hal_cortex.o
HAL_SYSTICK_Callback                              Drivers\STM32L1xx_HAL_Driver\stm32l1xx_hal_cortex.o
HAL_SYSTICK_Config                                Drivers\STM32L1xx_HAL_Driver\stm32l1xx_hal_cortex.o
                                                  Drivers\STM32L1xx_HAL_Driver\stm32l1xx_hal.o
HAL_SYSTICK_IRQHandler                            Drivers\STM32L1xx_HAL_Driver\stm32l1xx_hal_cortex.o
HAL_SuspendTick                                   Drivers\STM32L1xx_HAL_Driver\stm32l1xx_hal.o
HAL_TIMEx_MasterConfigSynchronization             Drivers\STM32L1xx_HAL_Driver\stm32l1xx_hal_tim_ex.o
HAL_TIMEx_RemapConfig                             Drivers\STM32L1xx_HAL_Driver\stm32l1xx_hal_tim_ex.o
HAL_TIM_Base_DeInit                               Drivers\STM32L1xx_HAL_Driver\stm32l1xx_hal_tim.o
HAL_TIM_Base_GetState                             Drivers\STM32L1xx_HAL_Driver\stm32l1xx_hal_tim.o
HAL_TIM_Base_Init                                 Drivers\STM32L1xx_HAL_Driver\stm32l1xx_hal_tim.o
HAL_TIM_Base_MspDeInit                            Drivers\STM32L1xx_HAL_Driver\stm32l1xx_hal_tim.o
HAL_TIM_Base_MspInit                              Drivers\STM32L1xx_HAL_Driver\stm32l1xx_hal_tim.o
HAL_TIM_Base_Start                                Drivers\STM32L1xx_HAL_Driver\stm32l1xx_hal_tim.o
HAL_TIM_Base_Start_DMA                            Drivers\STM32L1xx_HAL_Driver\stm32l1xx_hal_tim.o
HAL_TIM_Base_Start_IT                             Drivers\STM32L1xx_HAL_Driver\stm32l1xx_hal_tim.o
HAL_TIM_Base_Stop                                 Drivers\STM32L1xx_HAL_Driver\stm32l1xx_hal_tim.o
HAL_TIM_Base_Stop_DMA                             Drivers\STM32L1xx_HAL_Driver\stm32l1xx_hal_tim.o
HAL_TIM_Base_Stop_IT                              Drivers\STM32L1xx_HAL_Driver\stm32l1xx_hal_tim.o
HAL_TIM_ConfigClockSource                         Drivers\STM32L1xx_HAL_Driver\stm32l1xx_hal_tim.o
HAL_TIM_ConfigOCrefClear                          Drivers\STM32L1xx_HAL_Driver\stm32l1xx_hal_tim.o
HAL_TIM_ConfigTI1Input                            Drivers\STM32L1xx_HAL_Driver\stm32l1xx_hal_tim.o
HAL_TIM_DMABurst_ReadStart                        Drivers\STM32L1xx_HAL_Driver\stm32l1xx_hal_tim.o
HAL_TIM_DMABurst_ReadStop                         Drivers\STM32L1xx_HAL_Driver\stm32l1xx_hal_tim.o
HAL_TIM_DMABurst_WriteStart                       Drivers\STM32L1xx_HAL_Driver\stm32l1xx_hal_tim.o
HAL_TIM_DMABurst_WriteStop                        Drivers\STM32L1xx_HAL_Driver\stm32l1xx_hal_tim.o
HAL_TIM_Encoder_DeInit                            Drivers\STM32L1xx_HAL_Driver\stm32l1xx_hal_tim.o
HAL_TIM_Encoder_GetState                          Drivers\STM32L1xx_HAL_Driver\stm32l1xx_hal_tim.o
HAL_TIM_Encoder_Init                              Drivers\STM32L1xx_HAL_Driver\stm32l1xx_hal_tim.o
HAL_TIM_Encoder_MspDeInit                         Drivers\STM32L1xx_HAL_Driver\stm32l1xx_hal_tim.o
HAL_TIM_Encoder_MspInit                           Drivers\STM32L1xx_HAL_Driver\stm32l1xx_hal_tim.o
HAL_TIM_Encoder_Start                             Drivers\STM32L1xx_HAL_Driver\stm32l1xx_hal_tim.o
HAL_TIM_Encoder_Start_DMA                         Drivers\STM32L1xx_HAL_Driver\stm32l1xx_hal_tim.o
HAL_TIM_Encoder_Start_IT                          Drivers\STM32L1xx_HAL_Driver\stm32l1xx_hal_tim.o
HAL_TIM_Encoder_Stop                              Drivers\STM32L1xx_HAL_Driver\stm32l1xx_hal_tim.o
HAL_TIM_Encoder_Stop_DMA                          Drivers\STM32L1xx_HAL_Driver\stm32l1xx_hal_tim.o
HAL_TIM_Encoder_Stop_IT                           Drivers\STM32L1xx_HAL_Driver\stm32l1xx_hal_tim.o
HAL_TIM_ErrorCallback                             Drivers\STM32L1xx_HAL_Driver\stm32l1xx_hal_tim.o
HAL_TIM_GenerateEvent                             Drivers\STM32L1xx_HAL_Driver\stm32l1xx_hal_tim.o
HAL_TIM_IC_CaptureCallback                        Drivers\STM32L1xx_HAL_Driver\stm32l1xx_hal_tim.o
HAL_TIM_IC_ConfigChannel                          Drivers\STM32L1xx_HAL_Driver\stm32l1xx_hal_tim.o
HAL_TIM_IC_DeInit                                 Drivers\STM32L1xx_HAL_Driver\stm32l1xx_hal_tim.o
HAL_TIM_IC_GetState                               Drivers\STM32L1xx_HAL_Driver\stm32l1xx_hal_tim.o
HAL_TIM_IC_Init                                   Drivers\STM32L1xx_HAL_Driver\stm32l1xx_hal_tim.o
HAL_TIM_IC_MspDeInit                              Drivers\STM32L1xx_HAL_Driver\stm32l1xx_hal_tim.o
HAL_TIM_IC_MspInit                                Drivers\STM32L1xx_HAL_Driver\stm32l1xx_hal_tim.o
HAL_TIM_IC_Start                                  Drivers\STM32L1xx_HAL_Driver\stm32l1xx_hal_tim.o
HAL_TIM_IC_Start_DMA                              Drivers\STM32L1xx_HAL_Driver\stm32l1xx_hal_tim.o
HAL_TIM_IC_Start_IT                               Drivers\STM32L1xx_HAL_Driver\stm32l1xx_hal_tim.o
HAL_TIM_IC_Stop                                   Drivers\STM32L1xx_HAL_Driver\stm32l1xx_hal_tim.o
HAL_TIM_IC_Stop_DMA                               Drivers\STM32L1xx_HAL_Driver\stm32l1xx_hal_tim.o
HAL_TIM_IC_Stop_IT                                Drivers\STM32L1xx_HAL_Driver\stm32l1xx_hal_tim.o
HAL_TIM_IRQHandler                                Drivers\STM32L1xx_HAL_Driver\stm32l1xx_hal_tim.o
HAL_TIM_OC_ConfigChannel                          Drivers\STM32L1xx_HAL_Driver\stm32l1xx_hal_tim.o
HAL_TIM_OC_DeInit                                 Drivers\STM32L1xx_HAL_Driver\stm32l1xx_hal_tim.o
HAL_TIM_OC_DelayElapsedCallback                   Drivers\STM32L1xx_HAL_Driver\stm32l1xx_hal_tim.o
HAL_TIM_OC_GetState                               Drivers\STM32L1xx_HAL_Driver\stm32l1xx_hal_tim.o
HAL_TIM_OC_Init                                   Drivers\STM32L1xx_HAL_Driver\stm32l1xx_hal_tim.o
HAL_TIM_OC_MspDeInit                              Drivers\STM32L1xx_HAL_Driver\stm32l1xx_hal_tim.o
HAL_TIM_OC_MspInit                                Drivers\STM32L1xx_HAL_Driver\stm32l1xx_hal_tim.o
HAL_TIM_OC_Start                                  Drivers\STM32L1xx_HAL_Driver\stm32l1xx_hal_tim.o
HAL_TIM_OC_Start_DMA                              Drivers\STM32L1xx_HAL_Driver\stm32l1xx_hal_tim.o
HAL_TIM_OC_Start_IT                               Drivers\STM32L1xx_HAL_Driver\stm32l1xx_hal_tim.o
HAL_TIM_OC_Stop                                   Drivers\STM32L1xx_HAL_Driver\stm32l1xx_hal_tim.o
HAL_TIM_OC_Stop_DMA                               Drivers\STM32L1xx_HAL_Driver\stm32l1xx_hal_tim.o
HAL_TIM_OC_Stop_IT                                Drivers\STM32L1xx_HAL_Driver\stm32l1xx_hal_tim.o
HAL_TIM_OnePulse_ConfigChannel                    Drivers\STM32L1xx_HAL_Driver\stm32l1xx_hal_tim.o
HAL_TIM_OnePulse_DeInit                           Drivers\STM32L1xx_HAL_Driver\stm32l1xx_hal_tim.o
HAL_TIM_OnePulse_GetState                         Drivers\STM32L1xx_HAL_Driver\stm32l1xx_hal_tim.o
HAL_TIM_OnePulse_Init                             Drivers\STM32L1xx_HAL_Driver\stm32l1xx_hal_tim.o
HAL_TIM_OnePulse_MspDeInit                        Drivers\STM32L1xx_HAL_Driver\stm32l1xx_hal_tim.o
HAL_TIM_OnePulse_MspInit                          Drivers\STM32L1xx_HAL_Driver\stm32l1xx_hal_tim.o
HAL_TIM_OnePulse_Start                            Drivers\STM32L1xx_HAL_Driver\stm32l1xx_hal_tim.o
HAL_TIM_OnePulse_Start_IT                         Drivers\STM32L1xx_HAL_Driver\stm32l1xx_hal_tim.o
HAL_TIM_OnePulse_Stop                             Drivers\STM32L1xx_HAL_Driver\stm32l1xx_hal_tim.o
HAL_TIM_OnePulse_Stop_IT                          Drivers\STM32L1xx_HAL_Driver\stm32l1xx_hal_tim.o
HAL_TIM_PWM_ConfigChannel                         Drivers\STM32L1xx_HAL_Driver\stm32l1xx_hal_tim.o
                                                  Example\User\main.o
HAL_TIM_PWM_DeInit                                Drivers\STM32L1xx_HAL_Driver\stm32l1xx_hal_tim.o
HAL_TIM_PWM_GetState                              Drivers\STM32L1xx_HAL_Driver\stm32l1xx_hal_tim.o
HAL_TIM_PWM_Init                                  Drivers\STM32L1xx_HAL_Driver\stm32l1xx_hal_tim.o
                                                  Example\User\main.o
HAL_TIM_PWM_MspDeInit                             Drivers\STM32L1xx_HAL_Driver\stm32l1xx_hal_tim.o
HAL_TIM_PWM_MspInit                               Example\User\stm32l1xx_hal_msp.o
                                                  Drivers\STM32L1xx_HAL_Driver\stm32l1xx_hal_tim.o
HAL_TIM_PWM_PulseFinishedCallback                 Drivers\STM32L1xx_HAL_Driver\stm32l1xx_hal_tim.o
HAL_TIM_PWM_Start                                 Drivers\STM32L1xx_HAL_Driver\stm32l1xx_hal_tim.o
HAL_TIM_PWM_Start_DMA                             Drivers\STM32L1xx_HAL_Driver\stm32l1xx_hal_tim.o
                                                  Example\User\main.o
HAL_TIM_PWM_Start_IT                              Drivers\STM32L1xx_HAL_Driver\stm32l1xx_hal_tim.o
HAL_TIM_PWM_Stop                                  Drivers\STM32L1xx_HAL_Driver\stm32l1xx_hal_tim.o
HAL_TIM_PWM_Stop_DMA                              Drivers\STM32L1xx_HAL_Driver\stm32l1xx_hal_tim.o
HAL_TIM_PWM_Stop_IT                               Drivers\STM32L1xx_HAL_Driver\stm32l1xx_hal_tim.o
HAL_TIM_PeriodElapsedCallback                     Drivers\STM32L1xx_HAL_Driver\stm32l1xx_hal_tim.o
HAL_TIM_ReadCapturedValue                         Drivers\STM32L1xx_HAL_Driver\stm32l1xx_hal_tim.o
HAL_TIM_SlaveConfigSynchronization                Drivers\STM32L1xx_HAL_Driver\stm32l1xx_hal_tim.o
HAL_TIM_SlaveConfigSynchronization_IT             Drivers\STM32L1xx_HAL_Driver\stm32l1xx_hal_tim.o
HAL_TIM_TriggerCallback                           Drivers\STM32L1xx_HAL_Driver\stm32l1xx_hal_tim.o
HAL_UART_DMAPause                                 Drivers\STM32L1xx_HAL_Driver\stm32l1xx_hal_uart.o
HAL_UART_DMAResume                                Drivers\STM32L1xx_HAL_Driver\stm32l1xx_hal_uart.o
HAL_UART_DMAStop                                  Drivers\STM32L1xx_HAL_Driver\stm32l1xx_hal_uart.o
HAL_UART_DeInit                                   Drivers\STM32L1xx_HAL_Driver\stm32l1xx_hal_uart.o
                                                  Example\User\main.o
HAL_UART_ErrorCallback                            Example\User\main.o
                                                  Drivers\STM32L1xx_HAL_Driver\stm32l1xx_hal_uart.o
HAL_UART_GetError                                 Drivers\STM32L1xx_HAL_Driver\stm32l1xx_hal_uart.o
HAL_UART_GetState                                 Drivers\STM32L1xx_HAL_Driver\stm32l1xx_hal_uart.o
HAL_UART_IRQHandler                               Drivers\STM32L1xx_HAL_Driver\stm32l1xx_hal_uart.o
                                                  Example\User\stm32l1xx_it.o
HAL_UART_Init                                     Drivers\STM32L1xx_HAL_Driver\stm32l1xx_hal_uart.o
                                                  Example\User\main.o
HAL_UART_MspDeInit                                Example\User\stm32l1xx_hal_msp.o
                                                  Drivers\STM32L1xx_HAL_Driver\stm32l1xx_hal_uart.o
HAL_UART_MspInit                                  Example\User\stm32l1xx_hal_msp.o
                                                  Drivers\STM32L1xx_HAL_Driver\stm32l1xx_hal_uart.o
HAL_UART_Receive                                  Drivers\STM32L1xx_HAL_Driver\stm32l1xx_hal_uart.o
HAL_UART_Receive_DMA                              Drivers\STM32L1xx_HAL_Driver\stm32l1xx_hal_uart.o
                                                  Example\User\main.o
HAL_UART_Receive_IT                               Drivers\STM32L1xx_HAL_Driver\stm32l1xx_hal_uart.o
HAL_UART_RxCpltCallback                           Example\User\main.o
                                                  Drivers\STM32L1xx_HAL_Driver\stm32l1xx_hal_uart.o
HAL_UART_RxHalfCpltCallback                       Drivers\STM32L1xx_HAL_Driver\stm32l1xx_hal_uart.o
HAL_UART_Transmit                                 Drivers\STM32L1xx_HAL_Driver\stm32l1xx_hal_uart.o
HAL_UART_Transmit_DMA                             Drivers\STM32L1xx_HAL_Driver\stm32l1xx_hal_uart.o
                                                  Example\User\main.o
HAL_UART_Transmit_IT                              Drivers\STM32L1xx_HAL_Driver\stm32l1xx_hal_uart.o
HAL_UART_TxCpltCallback                           Drivers\STM32L1xx_HAL_Driver\stm32l1xx_hal_uart.o
HAL_UART_TxHalfCpltCallback                       Drivers\STM32L1xx_HAL_Driver\stm32l1xx_hal_uart.o
HardFault_Handler                                 Example\User\stm32l1xx_it.o
                                                  Example\TrueSTUDIO\startup_stm32l152xe.o
I2C1_ER_IRQHandler                                Example\TrueSTUDIO\startup_stm32l152xe.o
I2C1_EV_IRQHandler                                Example\TrueSTUDIO\startup_stm32l152xe.o
I2C2_ER_IRQHandler                                Example\TrueSTUDIO\startup_stm32l152xe.o
I2C2_EV_IRQHandler                                Example\TrueSTUDIO\startup_stm32l152xe.o
LCD_IRQHandler                                    Example\TrueSTUDIO\startup_stm32l152xe.o
LED_PIN                                           Drivers\BSP\STM32L1xx_Nucleo\stm32l1xx_nucleo.o
LED_PORT                                          Drivers\BSP\STM32L1xx_Nucleo\stm32l1xx_nucleo.o
MemManage_Handler                                 Example\User\stm32l1xx_it.o
                                                  Example\TrueSTUDIO\startup_stm32l152xe.o
NMI_Handler                                       Example\User\stm32l1xx_it.o
                                                  Example\TrueSTUDIO\startup_stm32l152xe.o
PLLMulTable                                       Drivers\CMSIS\system_stm32l1xx.o
                                                  Drivers\STM32L1xx_HAL_Driver\stm32l1xx_hal_rcc.o
PVD_IRQHandler                                    Example\TrueSTUDIO\startup_stm32l152xe.o
PendSV_Handler                                    Example\User\stm32l1xx_it.o
                                                  Example\TrueSTUDIO\startup_stm32l152xe.o
RCC_IRQHandler                                    Example\TrueSTUDIO\startup_stm32l152xe.o
RTC_Alarm_IRQHandler                              Example\TrueSTUDIO\startup_stm32l152xe.o
RTC_WKUP_IRQHandler                               Example\TrueSTUDIO\startup_stm32l152xe.o
Reset_Handler                                     Example\TrueSTUDIO\startup_stm32l152xe.o
SPI1_IRQHandler                                   Example\TrueSTUDIO\startup_stm32l152xe.o
SPI2_IRQHandler                                   Example\TrueSTUDIO\startup_stm32l152xe.o
SPI3_IRQHandler                                   Example\TrueSTUDIO\startup_stm32l152xe.o
SVC_Handler                                       Example\User\stm32l1xx_it.o
                                                  Example\TrueSTUDIO\startup_stm32l152xe.o
SysTick_Handler                                   Example\User\stm32l1xx_it.o
                                                  Example\TrueSTUDIO\startup_stm32l152xe.o
SystemCoreClock                                   Drivers\CMSIS\system_stm32l1xx.o
                                                  Example\User\main.o
                                                  Drivers\STM32L1xx_HAL_Driver\stm32l1xx_hal_rcc.o
                                                  Drivers\STM32L1xx_HAL_Driver\stm32l1xx_hal.o
SystemCoreClockUpdate                             Drivers\CMSIS\system_stm32l1xx.o
SystemInit                                        Drivers\CMSIS\system_stm32l1xx.o
                                                  Example\TrueSTUDIO\startup_stm32l152xe.o
TAMPER_STAMP_IRQHandler                           Example\TrueSTUDIO\startup_stm32l152xe.o
TIM10_IRQHandler                                  Example\TrueSTUDIO\startup_stm32l152xe.o
TIM11_IRQHandler                                  Example\TrueSTUDIO\startup_stm32l152xe.o
TIM2_IRQHandler                                   Example\TrueSTUDIO\startup_stm32l152xe.o
TIM3_IRQHandler                                   Example\TrueSTUDIO\startup_stm32l152xe.o
TIM4_IRQHandler                                   Example\TrueSTUDIO\startup_stm32l152xe.o
TIM5_IRQHandler                                   Example\TrueSTUDIO\startup_stm32l152xe.o
TIM6_IRQHandler                                   Example\TrueSTUDIO\startup_stm32l152xe.o
TIM7_IRQHandler                                   Example\TrueSTUDIO\startup_stm32l152xe.o
TIM9_IRQHandler                                   Example\TrueSTUDIO\startup_stm32l152xe.o
TIM_DMACaptureCplt                                Drivers\STM32L1xx_HAL_Driver\stm32l1xx_hal_tim.o
TIM_DMADelayPulseCplt                             Drivers\STM32L1xx_HAL_Driver\stm32l1xx_hal_tim.o
TIM_DMAError                                      Drivers\STM32L1xx_HAL_Driver\stm32l1xx_hal_tim.o
TimHandle                                         Example\User\main.o
                                                  Example\User\stm32l1xx_it.o
UART4_IRQHandler                                  Example\TrueSTUDIO\startup_stm32l152xe.o
UART5_IRQHandler                                  Example\TrueSTUDIO\startup_stm32l152xe.o
USART1_IRQHandler                                 Example\User\stm32l1xx_it.o
                                                  Example\TrueSTUDIO\startup_stm32l152xe.o
USART2_IRQHandler                                 Example\TrueSTUDIO\startup_stm32l152xe.o
USART3_IRQHandler                                 Example\TrueSTUDIO\startup_stm32l152xe.o
USB_FS_WKUP_IRQHandler                            Example\TrueSTUDIO\startup_stm32l152xe.o
USB_HP_IRQHandler                                 Example\TrueSTUDIO\startup_stm32l152xe.o
USB_LP_IRQHandler                                 Example\TrueSTUDIO\startup_stm32l152xe.o
UartHandle                                        Example\User\main.o
                                                  Example\User\stm32l1xx_it.o
UartReady                                         Example\User\main.o
UsageFault_Handler                                Example\User\stm32l1xx_it.o
                                                  Example\TrueSTUDIO\startup_stm32l152xe.o
UserButtonStatus                                  Example\User\main.o
WS2812_IO_framedata                               Example\User\main.o
WWDG_IRQHandler                                   Example\TrueSTUDIO\startup_stm32l152xe.o
__deregister_frame_info                           c:/program files (x86)/atollic/truestudio for arm 7.0.1/armtools/bin/../lib/gcc/arm-atollic-eabi/5.3.1/armv7-m/crtbegin.o
__dso_handle                                      c:/program files (x86)/atollic/truestudio for arm 7.0.1/armtools/bin/../lib/gcc/arm-atollic-eabi/5.3.1/armv7-m/crtbegin.o
__init_array_end                                  c:/program files (x86)/atollic/truestudio for arm 7.0.1/armtools/bin/../lib/gcc/arm-atollic-eabi/5.3.1/../../../../arm-atollic-eabi/lib/armv7-m\libc.a(lib_a-init.o)
__init_array_start                                c:/program files (x86)/atollic/truestudio for arm 7.0.1/armtools/bin/../lib/gcc/arm-atollic-eabi/5.3.1/../../../../arm-atollic-eabi/lib/armv7-m\libc.a(lib_a-init.o)
__libc_init_array                                 c:/program files (x86)/atollic/truestudio for arm 7.0.1/armtools/bin/../lib/gcc/arm-atollic-eabi/5.3.1/../../../../arm-atollic-eabi/lib/armv7-m\libc.a(lib_a-init.o)
                                                  Example\TrueSTUDIO\startup_stm32l152xe.o
__preinit_array_end                               c:/program files (x86)/atollic/truestudio for arm 7.0.1/armtools/bin/../lib/gcc/arm-atollic-eabi/5.3.1/../../../../arm-atollic-eabi/lib/armv7-m\libc.a(lib_a-init.o)
__preinit_array_start                             c:/program files (x86)/atollic/truestudio for arm 7.0.1/armtools/bin/../lib/gcc/arm-atollic-eabi/5.3.1/../../../../arm-atollic-eabi/lib/armv7-m\libc.a(lib_a-init.o)
__register_frame_info                             c:/program files (x86)/atollic/truestudio for arm 7.0.1/armtools/bin/../lib/gcc/arm-atollic-eabi/5.3.1/armv7-m/crtbegin.o
_ebss                                             Example\TrueSTUDIO\startup_stm32l152xe.o
_edata                                            Example\TrueSTUDIO\startup_stm32l152xe.o
_estack                                           Example\TrueSTUDIO\startup_stm32l152xe.o
_fini                                             c:/program files (x86)/atollic/truestudio for arm 7.0.1/armtools/bin/../lib/gcc/arm-atollic-eabi/5.3.1/armv7-m/crti.o
_init                                             c:/program files (x86)/atollic/truestudio for arm 7.0.1/armtools/bin/../lib/gcc/arm-atollic-eabi/5.3.1/armv7-m/crti.o
                                                  c:/program files (x86)/atollic/truestudio for arm 7.0.1/armtools/bin/../lib/gcc/arm-atollic-eabi/5.3.1/../../../../arm-atollic-eabi/lib/armv7-m\libc.a(lib_a-init.o)
_sbss                                             Example\TrueSTUDIO\startup_stm32l152xe.o
_sdata                                            Example\TrueSTUDIO\startup_stm32l152xe.o
_sidata                                           Example\TrueSTUDIO\startup_stm32l152xe.o
aCCValue_Buffer                                   Example\User\main.o
aRxBuffer                                         Example\User\main.o
aTxBuffer                                         Example\User\main.o
charToNumJa                                       Example\User\main.o
color2pwm                                         Example\User\main.o
color2pwmMatrix                                   Example\User\main.o
dlzka                                             Example\User\main.o
g_pfnVectors                                      Example\TrueSTUDIO\startup_stm32l152xe.o
main                                              Example\User\main.o
                                                  Example\TrueSTUDIO\startup_stm32l152xe.o
memset                                            c:/program files (x86)/atollic/truestudio for arm 7.0.1/armtools/bin/../lib/gcc/arm-atollic-eabi/5.3.1/../../../../arm-atollic-eabi/lib/armv7-m\libc.a(lib_a-memset.o)
                                                  Example\User\main.o
                                                  Drivers\STM32L1xx_HAL_Driver\stm32l1xx_hal_rcc.o
sConfig                                           Example\User\main.o
strncpy                                           c:/program files (x86)/atollic/truestudio for arm 7.0.1/armtools/bin/../lib/gcc/arm-atollic-eabi/5.3.1/../../../../arm-atollic-eabi/lib/armv7-m\libc.a(lib_a-strncpy.o)
                                                  Example\User\main.o
usart_init                                        Example\User\main.o
uwTick                                            Drivers\STM32L1xx_HAL_Driver\stm32l1xx_hal.o
uwTimerPeriod                                     Example\User\main.o
